Microchip MPLAB XC8 Compiler V2.45

Linker command line:

-W-3 --edf=D:\IDE MCU\pic\dat\20230818022343_en.msgs -cn \
  -h+dist/default/debug\Drivers.X.debug.sym \
  --cmf=dist/default/debug\Drivers.X.debug.cmf -z -Q18F4620 \
  -oC:\Users\xcite\AppData\Local\Temp\xcAsk6g.\driver_tmp_3.o \
  --defsym=__MPLAB_BUILD=1 --fixupoverflow=error \
  -Mdist/default/debug/Drivers.X.debug.map \
  --md=C:\Users\xcite\AppData\Local\Temp\xcAsk6g.\driver_tmp_0.dat -E1 \
  -ver=XC8 Compiler --acfsm=1493 -ACODE=00h-0FFFFh -ACONST=00h-0FFFFh \
  -ASMALLCONST=01000h-010FFhx240 -AMEDIUMCONST=01000h-0FFFFh \
  -ACOMRAM=01h-07Fh -AABS1=00h-0F7Fh -ABIGRAM=01h-0F7Fh \
  -ARAM=080h-0FFh,0100h-01FFhx14,0F00h-0F7Fh -ABANK0=080h-0FFh \
  -ABANK1=0100h-01FFh -ABANK2=0200h-02FFh -ABANK3=0300h-03FFh \
  -ABANK4=0400h-04FFh -ABANK5=0500h-05FFh -ABANK6=0600h-06FFh \
  -ABANK7=0700h-07FFh -ABANK8=0800h-08FFh -ABANK9=0900h-09FFh \
  -ABANK10=0A00h-0AFFh -ABANK11=0B00h-0BFFh -ABANK12=0C00h-0CFFh \
  -ABANK13=0D00h-0DFFh -ABANK14=0E00h-0EFFh -ABANK15=0F00h-0F7Fh \
  -ASFR=0F80h-0FFFh -ABIGSFR=0F80h-0FFFh -ACONFIG=0300000h-030000Dh \
  -AIDLOC=0200000h-0200007h -AEEDATA=0F00000h-0F003FFh -peeprom_data=EEDATA \
  -preset_vec=00h,intcode=08h,intcodelo,powerup,init -pramtop=01000h \
  -psmallconst=SMALLCONST -pmediumconst=MEDIUMCONST -pconst=CONST \
  -AFARRAM=00h-00h \
  -prdata=COMRAM,nvrram=COMRAM,nvbit=COMRAM,rbss=COMRAM,rbit=COMRAM \
  -pfarbss=FARRAM,fardata=FARRAM,nvFARRAM=FARRAM \
  -pintsave_regs=BIGRAM,bigbss=BIGRAM,bigdata=BIGRAM -pbss=RAM \
  -pidata=CODE,irdata=CODE,ibigdata=CODE,ifardata=CODE -prparam=COMRAM \
  C:\Users\xcite\AppData\Local\Temp\xcAsk6g.\driver_tmp_9.o \
  dist/default/debug\Drivers.X.debug.o 

Object code version is 3.11

Machine type is 18F4620



                Name                               Link     Load   Length Selector   Space Scale
C:\Users\xcite\AppData\Local\Temp\xcAsk6g.\driver_tmp_9.o
                config                           300000   300000        E        0       4
                init                                  E        E        4        4       0
                reset_vec                             0        0        4        0       0
dist/default/debug\Drivers.X.debug.o
                intcode                               8        8        6        4       0
                config                           300000   300000        E        0       4
                temp                                 71       71        1        1       1
                smallconst                         1000     1000       16      800       0
                text24                             18FA     18FA        4      C1C       0
                text23                             18F6     18F6        4      C1C       0
                text22                             18F2     18F2        4      C1C       0
                text21                             18EE     18EE        4      C1C       0
                text20                             1886     1886       1A      C1C       0
                text19                             186C     186C       1A      C1C       0
                text18                             1852     1852       1A      C1C       0
                text17                             1838     1838       1A      C1C       0
                text16                             18D0     18D0        C      C1C       0
                text15                             1570     1570       82      80B       0
                text14                             16D2     16D2       6A      80B       0
                text13                             18DC     18DC        A      C1C       0
                text12                             17D6     17D6       36      80B       0
                text11                             18E6     18E6        8      C1C       0
                text10                             18C4     18C4        C      C1C       0
                intcode_body                       1016     1016      292      80B       0
                text8                              15F2     15F2       72      80B       0
                text7                              14E2     14E2       8E      80B       0
                text6                              18FE     18FE        2      C1C       0
                text5                              12A8     12A8      126      80B       0
                text4                              13CE     13CE      114      80B       0
                text3                              173C     173C       64      80B       0
                text2                              1664     1664       6E      80B       0
                text1                              18A0     18A0       18      C1C       0
                text0                              18B8     18B8        C      C1C       0
                cstackCOMRAM                         5A       5A       15        1       1
                cstackBANK0                          80       80        7       80       1
                dataCOMRAM                           2F       2F       2B        1       1
                bssCOMRAM                             1        1       2E        1       1
                cinit                              17A0     17A0       36      80B       0
                nvCOMRAM                             6F       6F        2        1       1
                idataCOMRAM                        180C     180C       2B      80B       0

TOTAL           Name                               Link     Load   Length     Space
        CLASS   CODE           
                intcode                               8        8        6         0
                init                                  E        E        4         0
                reset_vec                             0        0        4         0
                text24                             18FA     18FA        4         0
                text23                             18F6     18F6        4         0
                text22                             18F2     18F2        4         0
                text21                             18EE     18EE        4         0
                text20                             1886     1886       1A         0
                text19                             186C     186C       1A         0
                text18                             1852     1852       1A         0
                text17                             1838     1838       1A         0
                text16                             18D0     18D0        C         0
                text15                             1570     1570       82         0
                text14                             16D2     16D2       6A         0
                text13                             18DC     18DC        A         0
                text12                             17D6     17D6       36         0
                text11                             18E6     18E6        8         0
                text10                             18C4     18C4        C         0
                intcode_body                       1016     1016      292         0
                text8                              15F2     15F2       72         0
                text7                              14E2     14E2       8E         0
                text6                              18FE     18FE        2         0
                text5                              12A8     12A8      126         0
                text4                              13CE     13CE      114         0
                text3                              173C     173C       64         0
                text2                              1664     1664       6E         0
                text1                              18A0     18A0       18         0
                text0                              18B8     18B8        C         0
                cinit                              17A0     17A0       36         0
                idataCOMRAM                        180C     180C       2B         0

        CLASS   CONST          

        CLASS   SMALLCONST     
                smallconst                         1000     1000       16         0

        CLASS   MEDIUMCONST    

        CLASS   COMRAM         
                temp                                 71       71        1         1
                cstackCOMRAM                         5A       5A       15         1
                dataCOMRAM                           2F       2F       2B         1
                bssCOMRAM                             1        1       2E         1
                nvCOMRAM                             6F       6F        2         1

        CLASS   ABS1           

        CLASS   BIGRAM         

        CLASS   RAM            

        CLASS   BANK0          
                cstackBANK0                          80       80        7         1

        CLASS   BANK1          

        CLASS   BANK2          

        CLASS   BANK3          

        CLASS   BANK4          

        CLASS   BANK5          

        CLASS   BANK6          

        CLASS   BANK7          

        CLASS   BANK8          

        CLASS   BANK9          

        CLASS   BANK10         

        CLASS   BANK11         

        CLASS   BANK12         

        CLASS   BANK13         

        CLASS   BANK14         

        CLASS   BANK15         

        CLASS   SFR            

        CLASS   BIGSFR         

        CLASS   CONFIG         
                config                           300000   300000        E         4

        CLASS   IDLOC          

        CLASS   EEDATA         

        CLASS   FARRAM         

        CLASS   HEAP           

        CLASS   STACK          



SEGMENTS        Name                           Load    Length   Top    Selector   Space  Class

                reset_vec                      000000  000004  000004         0       0  CODE    
                bssCOMRAM                      000001  000071  000072         1       1  COMRAM  
                intcode                        000008  00000A  000012         4       0  CODE    
                cstackBANK0                    000080  000007  000087        80       1  BANK0   
                smallconst                     001000  000016  001016       800       0  SMALLCON
                intcode_body                   001016  000821  001837       80B       0  CODE    
                text17                         001838  0000C8  001900       C1C       0  CODE    


UNUSED ADDRESS RANGES

        Name                Unused          Largest block    Delta
        BANK0            000087-0000FF               79
        BANK1            000100-0001FF              100
        BANK10           000A00-000AFF              100
        BANK11           000B00-000BFF              100
        BANK12           000C00-000CFF              100
        BANK13           000D00-000DFF              100
        BANK14           000E00-000EFF              100
        BANK15           000F00-000F7F               80
        BANK2            000200-0002FF              100
        BANK3            000300-0003FF              100
        BANK4            000400-0004FF              100
        BANK5            000500-0005FF              100
        BANK6            000600-0006FF              100
        BANK7            000700-0007FF              100
        BANK8            000800-0008FF              100
        BANK9            000900-0009FF              100
        BIGRAM           000072-00007F                E
                         000087-000F7F              EF9
        BIGSFR           000F80-000FFF               80
        CODE             000004-000007                4
                         000012-000FFF              FEE
                         001837-001837                1
                         001900-00FFFF             E700
        COMRAM           000072-00007F                E
        CONST            000004-000007                4
                         000012-000FFF              FEE
                         001837-001837                1
                         001900-00FFFF             E700
        EEDATA           F00000-F003FF              400
        IDLOC            200000-200007                8
        MEDIUMCONST      001837-001837                1
                         001900-00FFFF             E700
        RAM              000087-000F7F              100
        SFR              000F80-000FFF               80
        SMALLCONST       001837-001837                1
                         001900-00FFFF              100

                                  Symbol Table

RB4_ISR@source                           cstackCOMRAM 00005A
RB5_ISR@source                           cstackCOMRAM 00005A
RB6_ISR@source                           cstackCOMRAM 00005A
RB7_ISR@source                           cstackCOMRAM 00005A
Relay_initialize@F3480                   bssCOMRAM    00002A
Relay_off@F3490                          bssCOMRAM    000028
Relay_on@F3485                           bssCOMRAM    000029
Timer1_Init@timer                        cstackCOMRAM 000069
Timer1_Mode_Config@timer                 cstackCOMRAM 000068
_ADCON0bits                              (abs)        000FC2
_ADCON1bits                              (abs)        000FC1
_ADCON2bits                              (abs)        000FC0
_ADC_ISR                                 text24       0018FA
_ADRESH                                  (abs)        000FC4
_ADRESL                                  (abs)        000FC3
_Application_initialize                  text1        0018A0
_EEADR                                   (abs)        000FA9
_EEADRH                                  (abs)        000FAA
_EECON1bits                              (abs)        000FA6
_EECON2                                  (abs)        000FA7
_EEDATA                                  (abs)        000FA8
_INT0_ISR                                text23       0018F6
_INT0_Interrupt_Handler                  bssCOMRAM    000023
_INT1_ISR                                text22       0018F2
_INT1_Interrupt_Handler                  bssCOMRAM    000021
_INT2_ISR                                text21       0018EE
_INT2_Interrupt_Handler                  bssCOMRAM    00001F
_INTCON2bits                             (abs)        000FF1
_INTCON3bits                             (abs)        000FF0
_INTCONbits                              (abs)        000FF2
_Interrupt_Manager_High                  intcode      000008
_Isr                                     text13       0018DC
_LATA                                    (abs)        000F89
_LATB                                    (abs)        000F8A
_LATC                                    (abs)        000F8B
_LATD                                    (abs)        000F8C
_LATE                                    (abs)        000F8D
_PIE1bits                                (abs)        000F9D
_PIE2bits                                (abs)        000FA0
_PIR1bits                                (abs)        000F9E
_PIR2bits                                (abs)        000FA1
_PORTA                                   (abs)        000F80
_PORTB                                   (abs)        000F81
_PORTBbits                               (abs)        000F81
_PORTC                                   (abs)        000F82
_PORTD                                   (abs)        000F83
_PORTE                                   (abs)        000F84
_RB4_ISR                                 text20       001886
_RB4_Interrupt_Handler_High              bssCOMRAM    00001D
_RB4_Interrupt_Handler_Low               bssCOMRAM    00001B
_RB4_f                                   dataCOMRAM   000051
_RB5_ISR                                 text19       00186C
_RB5_Interrupt_Handler_High              bssCOMRAM    000019
_RB5_Interrupt_Handler_Low               bssCOMRAM    000017
_RB5_f                                   dataCOMRAM   000050
_RB6_ISR                                 text18       001852
_RB6_Interrupt_Handler_High              bssCOMRAM    000015
_RB6_Interrupt_Handler_Low               bssCOMRAM    000013
_RB6_f                                   dataCOMRAM   00004F
_RB7_ISR                                 text17       001838
_RB7_Interrupt_Handler_High              bssCOMRAM    000011
_RB7_Interrupt_Handler_Low               bssCOMRAM    00000F
_RB7_f                                   dataCOMRAM   00004E
_T0CONbits                               (abs)        000FD5
_T1CONbits                               (abs)        000FCD
_T2CONbits                               (abs)        000FCA
_T3CONbits                               (abs)        000FB1
_TIMER0_ISR                              text16       0018D0
_TIMER1_ISR                              text12       0017D6
_TIMER2_ISR                              text11       0018E6
_TIMER3_ISR                              text10       0018C4
_TMR0H                                   (abs)        000FD7
_TMR0L                                   (abs)        000FD6
_TMR1H                                   (abs)        000FCF
_TMR1L                                   (abs)        000FCE
_TMR2                                    (abs)        000FCC
_TMR3H                                   (abs)        000FB3
_TMR3L                                   (abs)        000FB2
_TRISA                                   (abs)        000F92
_TRISB                                   (abs)        000F93
_TRISC                                   (abs)        000F94
_TRISD                                   (abs)        000F95
_TRISE                                   (abs)        000F96
_Timer0_Interrupt_Handler                bssCOMRAM    00000D
_Timer1_Init                             text7        0014E2
_Timer1_Interrupt_Handler                bssCOMRAM    000009
_Timer1_Mode_Config                      text8        0015F2
_Timer2_Interrupt_Handler                bssCOMRAM    000007
_Timer3_Interrupt_Handler                bssCOMRAM    000005
__ADC_Interrupt_Handler                  bssCOMRAM    000025
__HRAM                                   (abs)        000000
__H__absolute__                          __absolute__ 000000
__Habs1                                  abs1         000000
__Hbank0                                 bank0        000000
__Hbank1                                 bank1        000000
__Hbank10                                bank10       000000
__Hbank11                                bank11       000000
__Hbank12                                bank12       000000
__Hbank13                                bank13       000000
__Hbank14                                bank14       000000
__Hbank15                                bank15       000000
__Hbank2                                 bank2        000000
__Hbank3                                 bank3        000000
__Hbank4                                 bank4        000000
__Hbank5                                 bank5        000000
__Hbank6                                 bank6        000000
__Hbank7                                 bank7        000000
__Hbank8                                 bank8        000000
__Hbank9                                 bank9        000000
__Hbigbss                                bigbss       000000
__Hbigdata                               bigdata      000000
__Hbigram                                bigram       000000
__Hbigsfr                                bigsfr       000000
__Hbss                                   bss          000000
__HbssCOMRAM                             bssCOMRAM    000000
__Hcinit                                 cinit        000000
__Hclrtext                               clrtext      000000
__Hcomram                                comram       000000
__Hconfig                                config       30000E
__Hconst                                 const        000000
__HcstackBANK0                           cstackBANK0  000000
__HcstackCOMRAM                          cstackCOMRAM 000000
__Hdata                                  data         000000
__HdataCOMRAM                            dataCOMRAM   000000
__Heeprom_data                           eeprom_data  000000
__Hfarbss                                farbss       000000
__Hfardata                               fardata      000000
__Hheap                                  heap         000000
__Hibigdata                              ibigdata     000000
__Hidata                                 idata        000000
__HidataCOMRAM                           idataCOMRAM  000000
__Hidloc                                 idloc        000000
__Hifardata                              ifardata     000000
__Hinit                                  init         000012
__Hintcode                               intcode      00000E
__Hintcode_body                          intcode_body 000000
__Hintcodelo                             intcodelo    00000E
__Hintentry                              intentry     000000
__Hintret                                intret       000000
__Hintsave_regs                          intsave_regs 000000
__Hirdata                                irdata       000000
__Hmediumconst                           mediumconst  000000
__HnvCOMRAM                              nvCOMRAM     000000
__HnvFARRAM                              nvFARRAM     000000
__Hnvbit                                 nvbit        000000
__Hnvrram                                nvrram       000000
__Hparam                                 rparam       000000
__Hpowerup                               powerup      00000E
__Hram                                   ram          000000
__Hramtop                                ramtop       001000
__Hrbit                                  rbit         000000
__Hrbss                                  rbss         000000
__Hrdata                                 rdata        000000
__Hreset_vec                             reset_vec    000004
__Hrparam                                rparam       000000
__Hsfr                                   sfr          000000
__Hsmallconst                            smallconst   001016
__Hspace_0                               (abs)        001900
__Hspace_1                               (abs)        000087
__Hspace_2                               (abs)        000000
__Hspace_4                               (abs)        60000E
__Hstack                                 stack        000000
__Hstruct                                struct       000000
__Htemp                                  temp         000072
__Htext                                  text         000000
__Htext0                                 text0        000000
__Htext1                                 text1        000000
__Htext10                                text10       000000
__Htext11                                text11       000000
__Htext12                                text12       000000
__Htext13                                text13       000000
__Htext14                                text14       000000
__Htext15                                text15       000000
__Htext16                                text16       000000
__Htext17                                text17       000000
__Htext18                                text18       000000
__Htext19                                text19       000000
__Htext2                                 text2        000000
__Htext20                                text20       000000
__Htext21                                text21       000000
__Htext22                                text22       000000
__Htext23                                text23       000000
__Htext24                                text24       000000
__Htext25                                text25       000000
__Htext3                                 text3        000000
__Htext4                                 text4        000000
__Htext5                                 text5        000000
__Htext6                                 text6        000000
__Htext7                                 text7        000000
__Htext8                                 text8        000000
__LRAM                                   (abs)        000001
__L__absolute__                          __absolute__ 000000
__Labs1                                  abs1         000000
__Lbank0                                 bank0        000000
__Lbank1                                 bank1        000000
__Lbank10                                bank10       000000
__Lbank11                                bank11       000000
__Lbank12                                bank12       000000
__Lbank13                                bank13       000000
__Lbank14                                bank14       000000
__Lbank15                                bank15       000000
__Lbank2                                 bank2        000000
__Lbank3                                 bank3        000000
__Lbank4                                 bank4        000000
__Lbank5                                 bank5        000000
__Lbank6                                 bank6        000000
__Lbank7                                 bank7        000000
__Lbank8                                 bank8        000000
__Lbank9                                 bank9        000000
__Lbigbss                                bigbss       000000
__Lbigdata                               bigdata      000000
__Lbigram                                bigram       000000
__Lbigsfr                                bigsfr       000000
__Lbss                                   bss          000000
__LbssCOMRAM                             bssCOMRAM    000000
__Lcinit                                 cinit        000000
__Lclrtext                               clrtext      000000
__Lcomram                                comram       000000
__Lconfig                                config       000000
__Lconst                                 const        000000
__LcstackBANK0                           cstackBANK0  000000
__LcstackCOMRAM                          cstackCOMRAM 000000
__Ldata                                  data         000000
__LdataCOMRAM                            dataCOMRAM   000000
__Leeprom_data                           eeprom_data  000000
__Lfarbss                                farbss       000000
__Lfardata                               fardata      000000
__Lheap                                  heap         000000
__Libigdata                              ibigdata     000000
__Lidata                                 idata        000000
__LidataCOMRAM                           idataCOMRAM  000000
__Lidloc                                 idloc        000000
__Lifardata                              ifardata     000000
__Linit                                  init         00000E
__Lintcode                               intcode      000008
__Lintcode_body                          intcode_body 000000
__Lintcodelo                             intcodelo    00000E
__Lintentry                              intentry     000000
__Lintret                                intret       000000
__Lintsave_regs                          intsave_regs 000000
__Lirdata                                irdata       000000
__Lmediumconst                           mediumconst  000000
__LnvCOMRAM                              nvCOMRAM     000000
__LnvFARRAM                              nvFARRAM     000000
__Lnvbit                                 nvbit        000000
__Lnvrram                                nvrram       000000
__Lparam                                 rparam       000000
__Lpowerup                               powerup      00000E
__Lram                                   ram          000000
__Lramtop                                ramtop       001000
__Lrbit                                  rbit         000000
__Lrbss                                  rbss         000000
__Lrdata                                 rdata        000000
__Lreset_vec                             reset_vec    000000
__Lrparam                                rparam       000000
__Lsfr                                   sfr          000000
__Lsmallconst                            smallconst   001000
__Lspace_0                               (abs)        000000
__Lspace_1                               (abs)        000000
__Lspace_2                               (abs)        000000
__Lspace_4                               (abs)        000000
__Lstack                                 stack        000000
__Lstruct                                struct       000000
__Ltemp                                  temp         000071
__Ltext                                  text         000000
__Ltext0                                 text0        000000
__Ltext1                                 text1        000000
__Ltext10                                text10       000000
__Ltext11                                text11       000000
__Ltext12                                text12       000000
__Ltext13                                text13       000000
__Ltext14                                text14       000000
__Ltext15                                text15       000000
__Ltext16                                text16       000000
__Ltext17                                text17       000000
__Ltext18                                text18       000000
__Ltext19                                text19       000000
__Ltext2                                 text2        000000
__Ltext20                                text20       000000
__Ltext21                                text21       000000
__Ltext22                                text22       000000
__Ltext23                                text23       000000
__Ltext24                                text24       000000
__Ltext25                                text25       000000
__Ltext3                                 text3        000000
__Ltext4                                 text4        000000
__Ltext5                                 text5        000000
__Ltext6                                 text6        000000
__Ltext7                                 text7        000000
__Ltext8                                 text8        000000
__S0                                     (abs)        001900
__S1                                     (abs)        000087
__S4                                     (abs)        000000
__S5                                     (abs)        000000
___heap_hi                               (abs)        000000
___heap_lo                               (abs)        000000
___inthi_sp                              stack        000000
___inthi_stack_hi                        stack        000000
___inthi_stack_lo                        stack        000000
___intlo_sp                              stack        000000
___intlo_stack_hi                        stack        000000
___intlo_stack_lo                        stack        000000
___param_bank                            (abs)        000000
___rparam_used                           (abs)        000001
___sp                                    stack        000000
___stack_hi                              stack        000000
___stack_lo                              stack        000000
__accesstop                              (abs)        000080
__activetblptr                           (abs)        000003
__end_of_ADC_ISR                         text24       0018FE
__end_of_Application_initialize          text1        0018B8
__end_of_INT0_ISR                        text23       0018FA
__end_of_INT1_ISR                        text22       0018F6
__end_of_INT2_ISR                        text21       0018F2
__end_of_Interrupt_Manager_High          intcode_body 0012A8
__end_of_Isr                             text13       0018E6
__end_of_RB4_ISR                         text20       0018A0
__end_of_RB5_ISR                         text19       001886
__end_of_RB6_ISR                         text18       00186C
__end_of_RB7_ISR                         text17       001852
__end_of_TIMER0_ISR                      text16       0018DC
__end_of_TIMER1_ISR                      text12       00180C
__end_of_TIMER2_ISR                      text11       0018EE
__end_of_TIMER3_ISR                      text10       0018D0
__end_of_Timer1_Init                     text7        001570
__end_of_Timer1_Mode_Config              text8        001664
__end_of__initialization                 cinit        0017CC
__end_of_btn_values                      smallconst   001011
__end_of_ecu_layer_initialize            text6        001900
__end_of_gpio_pin_direction_intialize    text5        0013CE
__end_of_gpio_pin_initialize             text3        0017A0
__end_of_gpio_pin_toggle_logic           text15       0015F2
__end_of_gpio_pin_write_logic            text4        0014E2
__end_of_led_intialize                   text2        0016D2
__end_of_led_toggle_status               text14       00173C
__end_of_main                            text0        0018C4
__initialization                         cinit        0017A0
__mediumconst                            mediumconst  000000
__pbssCOMRAM                             bssCOMRAM    000001
__pcinit                                 cinit        0017A0
__pcstackBANK0                           cstackBANK0  000080
__pcstackCOMRAM                          cstackCOMRAM 00005A
__pdataCOMRAM                            dataCOMRAM   00002F
__pidataCOMRAM                           idataCOMRAM  00180C
__pintcode                               intcode      000008
__pintcode_body                          intcode_body 001016
__pnvCOMRAM                              nvCOMRAM     00006F
__psmallconst                            smallconst   001000
__ptext0                                 text0        0018B8
__ptext1                                 text1        0018A0
__ptext10                                text10       0018C4
__ptext11                                text11       0018E6
__ptext12                                text12       0017D6
__ptext13                                text13       0018DC
__ptext14                                text14       0016D2
__ptext15                                text15       001570
__ptext16                                text16       0018D0
__ptext17                                text17       001838
__ptext18                                text18       001852
__ptext19                                text19       00186C
__ptext2                                 text2        001664
__ptext20                                text20       001886
__ptext21                                text21       0018EE
__ptext22                                text22       0018F2
__ptext23                                text23       0018F6
__ptext24                                text24       0018FA
__ptext25                                text25       000000
__ptext3                                 text3        00173C
__ptext4                                 text4        0013CE
__ptext5                                 text5        0012A8
__ptext6                                 text6        0018FE
__ptext7                                 text7        0014E2
__ptext8                                 text8        0015F2
__ramtop                                 ramtop       001000
__smallconst                             smallconst   001000
_btn_values                              smallconst   001001
_ecu_layer_initialize                    text6        0018FE
_gpio_pin_direction_intialize            text5        0012A8
_gpio_pin_initialize                     text3        00173C
_gpio_pin_toggle_logic                   text15       001570
_gpio_pin_write_logic                    text4        0013CE
_lat_registers                           dataCOMRAM   000039
_led                                     dataCOMRAM   000059
_led_intialize                           text2        001664
_led_toggle_status                       text14       0016D2
_main                                    text0        0018B8
_port_registers                          dataCOMRAM   00002F
_pre                                     bssCOMRAM    000027
_pre_work_out                            bssCOMRAM    00000B
_pre_work_out@hal_timer1$F2195           nvCOMRAM     00006F
_pre_work_out@hal_timer3$F2540           bssCOMRAM    000003
_ret                                     dataCOMRAM   00004D
_timer1                                  dataCOMRAM   000052
_tris_registers                          dataCOMRAM   000043
_val                                     bssCOMRAM    000001
btemp                                    temp         000071
end_of_initialization                    cinit        0017CC
gpio_pin_direction_intialize@_pin_config cstackCOMRAM 000068
gpio_pin_direction_intialize@ret         cstackCOMRAM 00006E
gpio_pin_initialize@_pin_config          cstackBANK0  000081
gpio_pin_initialize@ret                  cstackBANK0  000083
gpio_pin_toggle_logic@_pin_config        cstackCOMRAM 00005A
gpio_pin_write_logic@_pin_config         cstackCOMRAM 000068
gpio_pin_write_logic@logic_              cstackCOMRAM 000069
gpio_pin_write_logic@ret                 cstackBANK0  000080
int$flags                                temp         000071
int_func                                 intcode_body 001016
intlevel0                                text         000000
intlevel1                                text         000000
intlevel2                                text         000000
intlevel3                                text         000000
isa$std                                  (abs)        000001
isa$xinst                                (abs)        000000
led_intialize@F3482                      bssCOMRAM    00002E
led_intialize@Led                        cstackBANK0  000084
led_intialize@pin_obj                    cstackBANK0  000086
led_toggle_status@F3497                  bssCOMRAM    00002B
led_toggle_status@Led                    cstackCOMRAM 00005F
led_toggle_status@pin_obj                cstackCOMRAM 000061
led_turn_off@F3492                       bssCOMRAM    00002C
led_turn_on@F3487                        bssCOMRAM    00002D
stackhi                                  (abs)        000000
stacklo                                  (abs)        000000
start                                    init         00000E
start_initialization                     cinit        0017A0
ttemp5                                   temp         000072
ttemp6                                   temp         000075
ttemp7                                   temp         000079
wtemp8                                   temp         000072


MODULE INFORMATION

Module		Function		Class		Link	Load	Size
MCAL_LAYER/Timer/hal_timer2.c
		_TIMER2_ISR    		CODE           	18E6	0000	8

MCAL_LAYER/Timer/hal_timer2.c estimated size: 8

MCAL_LAYER/ADC/hal_adc.c
		_ADC_ISR       		CODE           	18FA	0000	4

MCAL_LAYER/ADC/hal_adc.c estimated size: 4

MCAL_LAYER/Timer/hal_timer0.c
		_TIMER0_ISR    		CODE           	18D0	0000	12

MCAL_LAYER/Timer/hal_timer0.c estimated size: 12

ECU_LAYER/ecu_layer_init.c
		_ecu_layer_initialize		CODE           	18FE	0000	2

ECU_LAYER/ecu_layer_init.c estimated size: 2

MCAL_LAYER/Interrupt/mcal_external_interrupt.c
		_RB4_ISR       		CODE           	1886	0000	26
		_RB5_ISR       		CODE           	186C	0000	26
		_RB6_ISR       		CODE           	1852	0000	26
		_RB7_ISR       		CODE           	1838	0000	26
		_INT0_ISR      		CODE           	18F6	0000	4
		_INT1_ISR      		CODE           	18F2	0000	4
		_INT2_ISR      		CODE           	18EE	0000	4

MCAL_LAYER/Interrupt/mcal_external_interrupt.c estimated size: 116

MCAL_LAYER/Interrupt/mcal_interrupt_manager.c
		_Interrupt_Manager_High		CODE           	0008	0000	664

MCAL_LAYER/Interrupt/mcal_interrupt_manager.c estimated size: 664

shared
		_btn_values    		SMALLCONST     	1001	0000	16
		__initialization		CODE           	17A0	0000	44

shared estimated size: 60

app.c
		_Isr           		CODE           	18DC	0000	10
		_main          		CODE           	18B8	0000	12
		_Application_initialize		CODE           	18A0	0000	24

app.c estimated size: 46

MCAL_Layer/GPIO/hal_gpio.c
		_gpio_pin_write_logic		CODE           	13CE	0000	276
		_gpio_pin_direction_intialize		CODE           	12A8	0000	294
		_gpio_pin_toggle_logic		CODE           	1570	0000	130
		_gpio_pin_initialize		CODE           	173C	0000	100

MCAL_Layer/GPIO/hal_gpio.c estimated size: 800

MCAL_LAYER/Timer/hal_timer3.c
		_TIMER3_ISR    		CODE           	18C4	0000	12

MCAL_LAYER/Timer/hal_timer3.c estimated size: 12

MCAL_LAYER/Timer/hal_timer1.c
		_TIMER1_ISR    		CODE           	17D6	0000	54
		_Timer1_Init   		CODE           	14E2	0000	142
		_Timer1_Mode_Config		CODE           	15F2	0000	114

MCAL_LAYER/Timer/hal_timer1.c estimated size: 310

ECU_LAYER/Led/ecu_led.c
		_led_toggle_status		CODE           	16D2	0000	106
		_led_intialize 		CODE           	1664	0000	110

ECU_LAYER/Led/ecu_led.c estimated size: 216

