Microchip MPLAB XC8 Compiler V2.45

Linker command line:

-W-3 --edf=D:\IDE MCU\pic\dat\20230818022343_en.msgs -cn \
  -h+dist/default/debug\Drivers.X.debug.sym \
  --cmf=dist/default/debug\Drivers.X.debug.cmf -z -Q18F4620 \
  -oC:\Users\xcite\AppData\Local\Temp\xcBsc2o.1\driver_tmp_3.o \
  --defsym=__MPLAB_BUILD=1 --fixupoverflow=error \
  -Mdist/default/debug/Drivers.X.debug.map \
  --md=C:\Users\xcite\AppData\Local\Temp\xcBsc2o.1\driver_tmp_0.dat -E1 \
  -ver=XC8 Compiler --acfsm=1493 -ACODE=00h-0FFFFh -ACONST=00h-0FFFFh \
  -ASMALLCONST=01000h-010FFhx240 -AMEDIUMCONST=01000h-0FFFFh \
  -ACOMRAM=01h-07Fh -AABS1=00h-0F7Fh -ABIGRAM=01h-0F7Fh \
  -ARAM=080h-0FFh,0100h-01FFhx14,0F00h-0F7Fh -ABANK0=080h-0FFh \
  -ABANK1=0100h-01FFh -ABANK2=0200h-02FFh -ABANK3=0300h-03FFh \
  -ABANK4=0400h-04FFh -ABANK5=0500h-05FFh -ABANK6=0600h-06FFh \
  -ABANK7=0700h-07FFh -ABANK8=0800h-08FFh -ABANK9=0900h-09FFh \
  -ABANK10=0A00h-0AFFh -ABANK11=0B00h-0BFFh -ABANK12=0C00h-0CFFh \
  -ABANK13=0D00h-0DFFh -ABANK14=0E00h-0EFFh -ABANK15=0F00h-0F7Fh \
  -ASFR=0F80h-0FFFh -ABIGSFR=0F80h-0FFFh -ACONFIG=0300000h-030000Dh \
  -AIDLOC=0200000h-0200007h -AEEDATA=0F00000h-0F003FFh -peeprom_data=EEDATA \
  -preset_vec=00h,intcode=08h,intcodelo,powerup,init -pramtop=01000h \
  -psmallconst=SMALLCONST -pmediumconst=MEDIUMCONST -pconst=CONST \
  -AFARRAM=00h-00h \
  -prdata=COMRAM,nvrram=COMRAM,nvbit=COMRAM,rbss=COMRAM,rbit=COMRAM \
  -pfarbss=FARRAM,fardata=FARRAM,nvFARRAM=FARRAM \
  -pintsave_regs=BIGRAM,bigbss=BIGRAM,bigdata=BIGRAM -pbss=RAM \
  -pidata=CODE,irdata=CODE,ibigdata=CODE,ifardata=CODE -prparam=COMRAM \
  C:\Users\xcite\AppData\Local\Temp\xcBsc2o.1\driver_tmp_9.o \
  dist/default/debug\Drivers.X.debug.o 

Object code version is 3.11

Machine type is 18F4620



                Name                               Link     Load   Length Selector   Space Scale
C:\Users\xcite\AppData\Local\Temp\xcBsc2o.1\driver_tmp_9.o
                config                           300000   300000        E        0       4
                init                                  E        E        4        4       0
                reset_vec                             0        0        4        0       0
dist/default/debug\Drivers.X.debug.o
                intcode                               8        8        6        4       0
                config                           300000   300000        E        0       4
                temp                                 5B       5B        1        1       1
                smallconst                         1000     1000       16      800       0
                text19                             154E     154E        4      80B       0
                text18                             154A     154A        4      80B       0
                text17                             1546     1546        4      80B       0
                text16                             1542     1542        4      80B       0
                text15                             151A     151A       1A      80B       0
                text14                             1500     1500       1A      80B       0
                text13                             14E6     14E6       1A      80B       0
                text12                             14CC     14CC       1A      80B       0
                text11                             1554     1554        2      80B       0
                text10                             144E     144E       36      80B       0
                intcode_body                       1016     1016      212      80B       0
                text8                              12AC     12AC       72      80B       0
                text7                              13DE     13DE       3A      80B       0
                text6                              13A4     13A4       3A      80B       0
                text5                              1228     1228       84      80B       0
                text4                              1552     1552        2      80B       0
                text3                              1534     1534        E      80B       0
                text2                              131E     131E       48      80B       0
                text1                              14AE     14AE       1E      80B       0
                text0                              1366     1366       3E      80B       0
                cstackCOMRAM                         50       50        B        1       1
                dataCOMRAM                            1        1       2A        1       1
                bssCOMRAM                            2B       2B       25        1       1
                cinit                              1418     1418       36      80B       0
                idataCOMRAM                        1484     1484       2A      80B       0

TOTAL           Name                               Link     Load   Length     Space
        CLASS   CODE           
                intcode                               8        8        6         0
                init                                  E        E        4         0
                reset_vec                             0        0        4         0
                text19                             154E     154E        4         0
                text18                             154A     154A        4         0
                text17                             1546     1546        4         0
                text16                             1542     1542        4         0
                text15                             151A     151A       1A         0
                text14                             1500     1500       1A         0
                text13                             14E6     14E6       1A         0
                text12                             14CC     14CC       1A         0
                text11                             1554     1554        2         0
                text10                             144E     144E       36         0
                intcode_body                       1016     1016      212         0
                text8                              12AC     12AC       72         0
                text7                              13DE     13DE       3A         0
                text6                              13A4     13A4       3A         0
                text5                              1228     1228       84         0
                text4                              1552     1552        2         0
                text3                              1534     1534        E         0
                text2                              131E     131E       48         0
                text1                              14AE     14AE       1E         0
                text0                              1366     1366       3E         0
                cinit                              1418     1418       36         0
                idataCOMRAM                        1484     1484       2A         0

        CLASS   CONST          

        CLASS   SMALLCONST     
                smallconst                         1000     1000       16         0

        CLASS   MEDIUMCONST    

        CLASS   COMRAM         
                temp                                 5B       5B        1         1
                cstackCOMRAM                         50       50        B         1
                dataCOMRAM                            1        1       2A         1
                bssCOMRAM                            2B       2B       25         1

        CLASS   ABS1           

        CLASS   BIGRAM         

        CLASS   RAM            

        CLASS   BANK0          

        CLASS   BANK1          

        CLASS   BANK2          

        CLASS   BANK3          

        CLASS   BANK4          

        CLASS   BANK5          

        CLASS   BANK6          

        CLASS   BANK7          

        CLASS   BANK8          

        CLASS   BANK9          

        CLASS   BANK10         

        CLASS   BANK11         

        CLASS   BANK12         

        CLASS   BANK13         

        CLASS   BANK14         

        CLASS   BANK15         

        CLASS   SFR            

        CLASS   BIGSFR         

        CLASS   CONFIG         
                config                           300000   300000        E         4

        CLASS   IDLOC          

        CLASS   EEDATA         

        CLASS   FARRAM         

        CLASS   HEAP           

        CLASS   STACK          



SEGMENTS        Name                           Load    Length   Top    Selector   Space  Class

                reset_vec                      000000  000004  000004         0       0  CODE    
                dataCOMRAM                     000001  00005B  00005C         1       1  COMRAM  
                intcode                        000008  00000A  000012         4       0  CODE    
                smallconst                     001000  000016  001016       800       0  SMALLCON
                intcode_body                   001016  000540  001556       80B       0  CODE    


UNUSED ADDRESS RANGES

        Name                Unused          Largest block    Delta
        BANK0            000080-0000FF               80
        BANK1            000100-0001FF              100
        BANK10           000A00-000AFF              100
        BANK11           000B00-000BFF              100
        BANK12           000C00-000CFF              100
        BANK13           000D00-000DFF              100
        BANK14           000E00-000EFF              100
        BANK15           000F00-000F7F               80
        BANK2            000200-0002FF              100
        BANK3            000300-0003FF              100
        BANK4            000400-0004FF              100
        BANK5            000500-0005FF              100
        BANK6            000600-0006FF              100
        BANK7            000700-0007FF              100
        BANK8            000800-0008FF              100
        BANK9            000900-0009FF              100
        BIGRAM           00005C-000F7F              F24
        BIGSFR           000F80-000FFF               80
        CODE             000004-000007                4
                         000012-000FFF              FEE
                         001556-00FFFF             EAAA
        COMRAM           00005C-00007F               24
        CONST            000004-000007                4
                         000012-000FFF              FEE
                         001556-00FFFF             EAAA
        EEDATA           F00000-F003FF              400
        IDLOC            200000-200007                8
        MEDIUMCONST      001556-00FFFF             EAAA
        RAM              000080-000F7F              100
        SFR              000F80-000FFF               80
        SMALLCONST       001556-00FFFF              100

                                  Symbol Table

RB4_ISR@source                   cstackCOMRAM 000050
RB5_ISR@source                   cstackCOMRAM 000050
RB6_ISR@source                   cstackCOMRAM 000050
RB7_ISR@source                   cstackCOMRAM 000050
Relay_initialize@F3480           bssCOMRAM    000049
Relay_off@F3490                  bssCOMRAM    000047
Relay_on@F3485                   bssCOMRAM    000048
Timer0_Init@timer                cstackCOMRAM 000055
Timer0_Mode_Config@timer         cstackCOMRAM 000053
Timer0_Prescaler_Config@timer    cstackCOMRAM 000053
Timer0_Read_Value@l_tmr0h        cstackCOMRAM 000058
Timer0_Read_Value@l_tmr0l        cstackCOMRAM 000057
Timer0_Read_Value@timer          cstackCOMRAM 000053
Timer0_Read_Value@value          cstackCOMRAM 000054
Timer0_Reg_Size_Config@timer     cstackCOMRAM 000053
Timer0_Write_Value@timer         cstackCOMRAM 000053
Timer0_Write_Value@value         cstackCOMRAM 000054
_ADCON0bits                      (abs)        000FC2
_ADCON1bits                      (abs)        000FC1
_ADCON2bits                      (abs)        000FC0
_ADC_ISR                         text19       00154E
_ADRESH                          (abs)        000FC4
_ADRESL                          (abs)        000FC3
_Application_initialize          text3        001534
_EEADR                           (abs)        000FA9
_EEADRH                          (abs)        000FAA
_EECON1bits                      (abs)        000FA6
_EECON2                          (abs)        000FA7
_EEDATA                          (abs)        000FA8
_INT0_ISR                        text18       00154A
_INT0_Interrupt_Handler          bssCOMRAM    000043
_INT1_ISR                        text17       001546
_INT1_Interrupt_Handler          bssCOMRAM    000041
_INT2_ISR                        text16       001542
_INT2_Interrupt_Handler          bssCOMRAM    00003F
_INTCON2bits                     (abs)        000FF1
_INTCON3bits                     (abs)        000FF0
_INTCONbits                      (abs)        000FF2
_Interrupt_Manager_High          intcode      000008
_Isr                             text11       001554
_LATA                            (abs)        000F89
_LATB                            (abs)        000F8A
_LATC                            (abs)        000F8B
_LATD                            (abs)        000F8C
_LATE                            (abs)        000F8D
_PIE1bits                        (abs)        000F9D
_PIR1bits                        (abs)        000F9E
_PORTA                           (abs)        000F80
_PORTB                           (abs)        000F81
_PORTBbits                       (abs)        000F81
_PORTC                           (abs)        000F82
_PORTD                           (abs)        000F83
_PORTE                           (abs)        000F84
_RB4_ISR                         text15       00151A
_RB4_Interrupt_Handler_High      bssCOMRAM    00003D
_RB4_Interrupt_Handler_Low       bssCOMRAM    00003B
_RB4_f                           dataCOMRAM   000023
_RB5_ISR                         text14       001500
_RB5_Interrupt_Handler_High      bssCOMRAM    000039
_RB5_Interrupt_Handler_Low       bssCOMRAM    000037
_RB5_f                           dataCOMRAM   000022
_RB6_ISR                         text13       0014E6
_RB6_Interrupt_Handler_High      bssCOMRAM    000035
_RB6_Interrupt_Handler_Low       bssCOMRAM    000033
_RB6_f                           dataCOMRAM   000021
_RB7_ISR                         text12       0014CC
_RB7_Interrupt_Handler_High      bssCOMRAM    000031
_RB7_Interrupt_Handler_Low       bssCOMRAM    00002F
_RB7_f                           dataCOMRAM   000020
_T0CONbits                       (abs)        000FD5
_TIMER0_ISR                      text10       00144E
_TMR0H                           (abs)        000FD7
_TMR0L                           (abs)        000FD6
_TRISA                           (abs)        000F92
_TRISB                           (abs)        000F93
_TRISC                           (abs)        000F94
_TRISD                           (abs)        000F95
_TRISE                           (abs)        000F96
_Timer0_Init                     text5        001228
_Timer0_Interrupt_Handler        bssCOMRAM    00002D
_Timer0_Mode_Config              text8        0012AC
_Timer0_Prescaler_Config         text7        0013DE
_Timer0_Read_Value               text2        00131E
_Timer0_Reg_Size_Config          text6        0013A4
_Timer0_Write_Value              text1        0014AE
__ADC_Interrupt_Handler          bssCOMRAM    000045
__HRAM                           (abs)        000000
__H__absolute__                  __absolute__ 000000
__Habs1                          abs1         000000
__Hbank0                         bank0        000000
__Hbank1                         bank1        000000
__Hbank10                        bank10       000000
__Hbank11                        bank11       000000
__Hbank12                        bank12       000000
__Hbank13                        bank13       000000
__Hbank14                        bank14       000000
__Hbank15                        bank15       000000
__Hbank2                         bank2        000000
__Hbank3                         bank3        000000
__Hbank4                         bank4        000000
__Hbank5                         bank5        000000
__Hbank6                         bank6        000000
__Hbank7                         bank7        000000
__Hbank8                         bank8        000000
__Hbank9                         bank9        000000
__Hbigbss                        bigbss       000000
__Hbigdata                       bigdata      000000
__Hbigram                        bigram       000000
__Hbigsfr                        bigsfr       000000
__Hbss                           bss          000000
__HbssCOMRAM                     bssCOMRAM    000000
__Hcinit                         cinit        000000
__Hclrtext                       clrtext      000000
__Hcomram                        comram       000000
__Hconfig                        config       30000E
__Hconst                         const        000000
__HcstackCOMRAM                  cstackCOMRAM 000000
__Hdata                          data         000000
__HdataCOMRAM                    dataCOMRAM   000000
__Heeprom_data                   eeprom_data  000000
__Hfarbss                        farbss       000000
__Hfardata                       fardata      000000
__Hheap                          heap         000000
__Hibigdata                      ibigdata     000000
__Hidata                         idata        000000
__HidataCOMRAM                   idataCOMRAM  000000
__Hidloc                         idloc        000000
__Hifardata                      ifardata     000000
__Hinit                          init         000012
__Hintcode                       intcode      00000E
__Hintcode_body                  intcode_body 000000
__Hintcodelo                     intcodelo    00000E
__Hintentry                      intentry     000000
__Hintret                        intret       000000
__Hintsave_regs                  intsave_regs 000000
__Hirdata                        irdata       000000
__Hmediumconst                   mediumconst  000000
__HnvFARRAM                      nvFARRAM     000000
__Hnvbit                         nvbit        000000
__Hnvrram                        nvrram       000000
__Hparam                         rparam       000000
__Hpowerup                       powerup      00000E
__Hram                           ram          000000
__Hramtop                        ramtop       001000
__Hrbit                          rbit         000000
__Hrbss                          rbss         000000
__Hrdata                         rdata        000000
__Hreset_vec                     reset_vec    000004
__Hrparam                        rparam       000000
__Hsfr                           sfr          000000
__Hsmallconst                    smallconst   001016
__Hspace_0                       (abs)        001556
__Hspace_1                       (abs)        00005C
__Hspace_2                       (abs)        000000
__Hspace_4                       (abs)        60000E
__Hstack                         stack        000000
__Hstruct                        struct       000000
__Htemp                          temp         00005C
__Htext                          text         000000
__Htext0                         text0        000000
__Htext1                         text1        000000
__Htext10                        text10       000000
__Htext11                        text11       000000
__Htext12                        text12       000000
__Htext13                        text13       000000
__Htext14                        text14       000000
__Htext15                        text15       000000
__Htext16                        text16       000000
__Htext17                        text17       000000
__Htext18                        text18       000000
__Htext19                        text19       000000
__Htext2                         text2        000000
__Htext20                        text20       000000
__Htext3                         text3        000000
__Htext4                         text4        000000
__Htext5                         text5        000000
__Htext6                         text6        000000
__Htext7                         text7        000000
__Htext8                         text8        000000
__LRAM                           (abs)        000001
__L__absolute__                  __absolute__ 000000
__Labs1                          abs1         000000
__Lbank0                         bank0        000000
__Lbank1                         bank1        000000
__Lbank10                        bank10       000000
__Lbank11                        bank11       000000
__Lbank12                        bank12       000000
__Lbank13                        bank13       000000
__Lbank14                        bank14       000000
__Lbank15                        bank15       000000
__Lbank2                         bank2        000000
__Lbank3                         bank3        000000
__Lbank4                         bank4        000000
__Lbank5                         bank5        000000
__Lbank6                         bank6        000000
__Lbank7                         bank7        000000
__Lbank8                         bank8        000000
__Lbank9                         bank9        000000
__Lbigbss                        bigbss       000000
__Lbigdata                       bigdata      000000
__Lbigram                        bigram       000000
__Lbigsfr                        bigsfr       000000
__Lbss                           bss          000000
__LbssCOMRAM                     bssCOMRAM    000000
__Lcinit                         cinit        000000
__Lclrtext                       clrtext      000000
__Lcomram                        comram       000000
__Lconfig                        config       000000
__Lconst                         const        000000
__LcstackCOMRAM                  cstackCOMRAM 000000
__Ldata                          data         000000
__LdataCOMRAM                    dataCOMRAM   000000
__Leeprom_data                   eeprom_data  000000
__Lfarbss                        farbss       000000
__Lfardata                       fardata      000000
__Lheap                          heap         000000
__Libigdata                      ibigdata     000000
__Lidata                         idata        000000
__LidataCOMRAM                   idataCOMRAM  000000
__Lidloc                         idloc        000000
__Lifardata                      ifardata     000000
__Linit                          init         00000E
__Lintcode                       intcode      000008
__Lintcode_body                  intcode_body 000000
__Lintcodelo                     intcodelo    00000E
__Lintentry                      intentry     000000
__Lintret                        intret       000000
__Lintsave_regs                  intsave_regs 000000
__Lirdata                        irdata       000000
__Lmediumconst                   mediumconst  000000
__LnvFARRAM                      nvFARRAM     000000
__Lnvbit                         nvbit        000000
__Lnvrram                        nvrram       000000
__Lparam                         rparam       000000
__Lpowerup                       powerup      00000E
__Lram                           ram          000000
__Lramtop                        ramtop       001000
__Lrbit                          rbit         000000
__Lrbss                          rbss         000000
__Lrdata                         rdata        000000
__Lreset_vec                     reset_vec    000000
__Lrparam                        rparam       000000
__Lsfr                           sfr          000000
__Lsmallconst                    smallconst   001000
__Lspace_0                       (abs)        000000
__Lspace_1                       (abs)        000000
__Lspace_2                       (abs)        000000
__Lspace_4                       (abs)        000000
__Lstack                         stack        000000
__Lstruct                        struct       000000
__Ltemp                          temp         00005B
__Ltext                          text         000000
__Ltext0                         text0        000000
__Ltext1                         text1        000000
__Ltext10                        text10       000000
__Ltext11                        text11       000000
__Ltext12                        text12       000000
__Ltext13                        text13       000000
__Ltext14                        text14       000000
__Ltext15                        text15       000000
__Ltext16                        text16       000000
__Ltext17                        text17       000000
__Ltext18                        text18       000000
__Ltext19                        text19       000000
__Ltext2                         text2        000000
__Ltext20                        text20       000000
__Ltext3                         text3        000000
__Ltext4                         text4        000000
__Ltext5                         text5        000000
__Ltext6                         text6        000000
__Ltext7                         text7        000000
__Ltext8                         text8        000000
__S0                             (abs)        001556
__S1                             (abs)        00005C
__S4                             (abs)        000000
__S5                             (abs)        000000
___heap_hi                       (abs)        000000
___heap_lo                       (abs)        000000
___inthi_sp                      stack        000000
___inthi_stack_hi                stack        000000
___inthi_stack_lo                stack        000000
___intlo_sp                      stack        000000
___intlo_stack_hi                stack        000000
___intlo_stack_lo                stack        000000
___param_bank                    (abs)        000000
___rparam_used                   (abs)        000001
___sp                            stack        000000
___stack_hi                      stack        000000
___stack_lo                      stack        000000
__accesstop                      (abs)        000080
__activetblptr                   (abs)        000003
__end_of_ADC_ISR                 text19       001552
__end_of_Application_initialize  text3        001542
__end_of_INT0_ISR                text18       00154E
__end_of_INT1_ISR                text17       00154A
__end_of_INT2_ISR                text16       001546
__end_of_Interrupt_Manager_High  intcode_body 001228
__end_of_Isr                     text11       001556
__end_of_RB4_ISR                 text15       001534
__end_of_RB5_ISR                 text14       00151A
__end_of_RB6_ISR                 text13       001500
__end_of_RB7_ISR                 text12       0014E6
__end_of_TIMER0_ISR              text10       001484
__end_of_Timer0_Init             text5        0012AC
__end_of_Timer0_Mode_Config      text8        00131E
__end_of_Timer0_Prescaler_Config text7        001418
__end_of_Timer0_Read_Value       text2        001366
__end_of_Timer0_Reg_Size_Config  text6        0013DE
__end_of_Timer0_Write_Value      text1        0014CC
__end_of__initialization         cinit        001444
__end_of_btn_values              smallconst   001011
__end_of_ecu_layer_initialize    text4        001554
__end_of_main                    text0        0013A4
__initialization                 cinit        001418
__mediumconst                    mediumconst  000000
__pbssCOMRAM                     bssCOMRAM    00002B
__pcinit                         cinit        001418
__pcstackCOMRAM                  cstackCOMRAM 000050
__pdataCOMRAM                    dataCOMRAM   000001
__pidataCOMRAM                   idataCOMRAM  001484
__pintcode                       intcode      000008
__pintcode_body                  intcode_body 001016
__psmallconst                    smallconst   001000
__ptext0                         text0        001366
__ptext1                         text1        0014AE
__ptext10                        text10       00144E
__ptext11                        text11       001554
__ptext12                        text12       0014CC
__ptext13                        text13       0014E6
__ptext14                        text14       001500
__ptext15                        text15       00151A
__ptext16                        text16       001542
__ptext17                        text17       001546
__ptext18                        text18       00154A
__ptext19                        text19       00154E
__ptext2                         text2        00131E
__ptext20                        text20       000000
__ptext3                         text3        001534
__ptext4                         text4        001552
__ptext5                         text5        001228
__ptext6                         text6        0013A4
__ptext7                         text7        0013DE
__ptext8                         text8        0012AC
__ramtop                         ramtop       001000
__smallconst                     smallconst   001000
_btn_values                      smallconst   001001
_ecu_layer_initialize            text4        001552
_freq                            bssCOMRAM    00004E
_lat_registers                   dataCOMRAM   00000B
_main                            text0        001366
_port_registers                  dataCOMRAM   000001
_pre_work_out                    bssCOMRAM    00002B
_ret                             dataCOMRAM   00001F
_timer                           dataCOMRAM   000024
_tris_registers                  dataCOMRAM   000015
btemp                            temp         00005B
end_of_initialization            cinit        001444
int$flags                        temp         00005B
int_func                         intcode_body 001016
intlevel0                        text         000000
intlevel1                        text         000000
intlevel2                        text         000000
intlevel3                        text         000000
isa$std                          (abs)        000001
isa$xinst                        (abs)        000000
led_intialize@F3482              bssCOMRAM    00004D
led_toggle_status@F3497          bssCOMRAM    00004A
led_turn_off@F3492               bssCOMRAM    00004B
led_turn_on@F3487                bssCOMRAM    00004C
stackhi                          (abs)        000000
stacklo                          (abs)        000000
start                            init         00000E
start_initialization             cinit        001418
ttemp5                           temp         00005C
ttemp6                           temp         00005F
ttemp7                           temp         000063
wtemp8                           temp         00005C


MODULE INFORMATION

Module		Function		Class		Link	Load	Size
MCAL_LAYER/ADC/hal_adc.c
		_ADC_ISR       		CODE           	154E	0000	4

MCAL_LAYER/ADC/hal_adc.c estimated size: 4

MCAL_LAYER/Timer/hal_timer0.c
		_Timer0_Init   		CODE           	1228	0000	132
		_Timer0_Reg_Size_Config		CODE           	13A4	0000	58
		_Timer0_Read_Value		CODE           	131E	0000	72
		_Timer0_Prescaler_Config		CODE           	13DE	0000	58
		_Timer0_Mode_Config		CODE           	12AC	0000	114
		_Timer0_Write_Value		CODE           	14AE	0000	30
		_TIMER0_ISR    		CODE           	144E	0000	54

MCAL_LAYER/Timer/hal_timer0.c estimated size: 518

ECU_LAYER/ecu_layer_init.c
		_ecu_layer_initialize		CODE           	1552	0000	2

ECU_LAYER/ecu_layer_init.c estimated size: 2

MCAL_LAYER/Interrupt/mcal_external_interrupt.c
		_RB4_ISR       		CODE           	151A	0000	26
		_RB5_ISR       		CODE           	1500	0000	26
		_RB6_ISR       		CODE           	14E6	0000	26
		_RB7_ISR       		CODE           	14CC	0000	26
		_INT0_ISR      		CODE           	154A	0000	4
		_INT1_ISR      		CODE           	1546	0000	4
		_INT2_ISR      		CODE           	1542	0000	4

MCAL_LAYER/Interrupt/mcal_external_interrupt.c estimated size: 116

MCAL_LAYER/Interrupt/mcal_interrupt_manager.c
		_Interrupt_Manager_High		CODE           	0008	0000	536

MCAL_LAYER/Interrupt/mcal_interrupt_manager.c estimated size: 536

shared
		_btn_values    		SMALLCONST     	1001	0000	16
		__initialization		CODE           	1418	0000	44

shared estimated size: 60

app.c
		_Isr           		CODE           	1554	0000	2
		_main          		CODE           	1366	0000	62
		_Application_initialize		CODE           	1534	0000	14

app.c estimated size: 78

