Microchip MPLAB XC8 Compiler V2.45

Linker command line:

-W-3 --edf=D:\IDE MCU\pic\dat\20230818022343_en.msgs -cn \
  -h+dist/default/production\Drivers.X.production.sym \
  --cmf=dist/default/production\Drivers.X.production.cmf -z -Q18F4620 \
  -oC:\Users\xcite\AppData\Local\Temp\xcAsjjc.\driver_tmp_3.o \
  --defsym=__MPLAB_BUILD=1 --fixupoverflow=error \
  -Mdist/default/production/Drivers.X.production.map \
  --md=C:\Users\xcite\AppData\Local\Temp\xcAsjjc.\driver_tmp_0.dat -E1 \
  -ver=XC8 Compiler --acfsm=1493 -ACODE=00h-0FFFFh -ACONST=00h-0FFFFh \
  -ASMALLCONST=01000h-010FFhx240 -AMEDIUMCONST=01000h-0FFFFh \
  -ACOMRAM=01h-07Fh -AABS1=00h-0F7Fh -ABIGRAM=01h-0F7Fh \
  -ARAM=080h-0FFh,0100h-01FFhx14,0F00h-0F7Fh -ABANK0=080h-0FFh \
  -ABANK1=0100h-01FFh -ABANK2=0200h-02FFh -ABANK3=0300h-03FFh \
  -ABANK4=0400h-04FFh -ABANK5=0500h-05FFh -ABANK6=0600h-06FFh \
  -ABANK7=0700h-07FFh -ABANK8=0800h-08FFh -ABANK9=0900h-09FFh \
  -ABANK10=0A00h-0AFFh -ABANK11=0B00h-0BFFh -ABANK12=0C00h-0CFFh \
  -ABANK13=0D00h-0DFFh -ABANK14=0E00h-0EFFh -ABANK15=0F00h-0F7Fh \
  -ASFR=0F80h-0FFFh -ABIGSFR=0F80h-0FFFh -ACONFIG=0300000h-030000Dh \
  -AIDLOC=0200000h-0200007h -AEEDATA=0F00000h-0F003FFh -peeprom_data=EEDATA \
  -preset_vec=00h,intcode=08h,intcodelo,powerup,init -pramtop=01000h \
  -psmallconst=SMALLCONST -pmediumconst=MEDIUMCONST -pconst=CONST \
  -AFARRAM=00h-00h \
  -prdata=COMRAM,nvrram=COMRAM,nvbit=COMRAM,rbss=COMRAM,rbit=COMRAM \
  -pfarbss=FARRAM,fardata=FARRAM,nvFARRAM=FARRAM \
  -pintsave_regs=BIGRAM,bigbss=BIGRAM,bigdata=BIGRAM -pbss=RAM \
  -pidata=CODE,irdata=CODE,ibigdata=CODE,ifardata=CODE -prparam=COMRAM \
  C:\Users\xcite\AppData\Local\Temp\xcAsjjc.\driver_tmp_14.o \
  dist/default/production\Drivers.X.production.o 

Object code version is 3.11

Machine type is 18F4620



                Name                               Link     Load   Length Selector   Space Scale
C:\Users\xcite\AppData\Local\Temp\xcAsjjc.\driver_tmp_14.o
                config                           300000   300000        E        0       4
                init                                  E        E        4        4       0
                reset_vec                             0        0        4        0       0
dist/default/production\Drivers.X.production.o
                intcode                               8        8        6        4       0
                config                           300000   300000        E        0       4
                temp                                 60       60        1        1       1
                smallconst                         1000     1000       72      800       0
                text55                             1A1C     1A1C      110      839       0
                text54                             243C     243C       7A      839       0
                text53                             28DA     28DA       50      839       0
                text52                             2AB6     2AB6       3E      839       0
                text51                             282E     282E       5C      839       0
                text50                             27D2     27D2       5C      839       0
                text49                             212A     212A       98      839       0
                text48                             2AF4     2AF4       3C      839       0
                text47                             22CA     22CA       7E      839       0
                text46                             224C     224C       7E      839       0
                text45                             2BFA     2BFA       2E     15B5       0
                text44                             2BCC     2BCC       2E     15B5       0
                text43                             2B9E     2B9E       2E     15B5       0
                text42                             2D38     2D38       1A     15B5       0
                text41                             2D1E     2D1E       1A     15B5       0
                text40                             2D04     2D04       1A     15B5       0
                text39                             2CEA     2CEA       1A     15B5       0
                intcode_body                       1312     1312      1F2      839       0
                text37                             2524     2524       6E      839       0
                text36                             17F0     17F0      11C      839       0
                text35                             23C2     23C2       7A      839       0
                text34                             16CA     16CA      126      839       0
                text33                             190C     190C      110      839       0
                text32                             26BC     26BC       5E      839       0
                text31                             2CA6     2CA6       28     15B5       0
                text30                             2C7C     2C7C       2A     15B5       0
                text29                             2C52     2C52       2A     15B5       0
                text28                             2C28     2C28       2A     15B5       0
                text27                             1FF0     1FF0       A0      839       0
                text26                             265E     265E       5E      839       0
                text25                             2348     2348       7A      839       0
                text24                             292A     292A       48      839       0
                text23                             288A     288A       50      839       0
                text22                             2A78     2A78       3E      839       0
                text21                             2776     2776       5C      839       0
                text20                             1C2C     1C2C       F4      839       0
                text19                             2CCE     2CCE       1C     15B5       0
                text18                             271A     271A       5C      839       0
                text17                             1F4E     1F4E       A2      839       0
                text16                             29F6     29F6       42      839       0
                text15                             21C2     21C2       8A      839       0
                text14                             29B4     29B4       42      839       0
                text13                             1D20     1D20       C4      839       0
                text12                             1E9E     1E9E       B0      839       0
                text11                             2B6A     2B6A       34     15B5       0
                text10                             2D6C     2D6C        2     15B5       0
                text9                              1DE4     1DE4       BA      839       0
                text8                              1504     1504      1C6      839       0
                text7                              2972     2972       42      839       0
                text6                              2A38     2A38       40      839       0
                text5                              1B2C     1B2C      100      839       0
                text4                              2090     2090       9A      839       0
                text3                              2592     2592       6A      839       0
                text2                              24B6     24B6       6E      839       0
                text1                              1072     1072      2A0      839       0
                text0                              2D52     2D52       10     15B5       0
                cstackCOMRAM                          1        1       2D        1       1
                cstackBANK0                          D9       D9       1F       80       1
                cstackBANK1                         100      100       16      100       1
                dataBANK0                            80       80       39       80       1
                bssBANK0                             B9       B9       20       80       1
                dataCOMRAM                           56       56        A        1       1
                bssCOMRAM                            2E       2E       28        1       1
                cinit                              25FC     25FC       62      839       0
                idataBANK0                         2B30     2B30       39      839       0
                idataCOMRAM                        2D62     2D62        A     15B5       0

TOTAL           Name                               Link     Load   Length     Space
        CLASS   CODE           
                intcode                               8        8        6         0
                init                                  E        E        4         0
                reset_vec                             0        0        4         0
                text55                             1A1C     1A1C      110         0
                text54                             243C     243C       7A         0
                text53                             28DA     28DA       50         0
                text52                             2AB6     2AB6       3E         0
                text51                             282E     282E       5C         0
                text50                             27D2     27D2       5C         0
                text49                             212A     212A       98         0
                text48                             2AF4     2AF4       3C         0
                text47                             22CA     22CA       7E         0
                text46                             224C     224C       7E         0
                text45                             2BFA     2BFA       2E         0
                text44                             2BCC     2BCC       2E         0
                text43                             2B9E     2B9E       2E         0
                text42                             2D38     2D38       1A         0
                text41                             2D1E     2D1E       1A         0
                text40                             2D04     2D04       1A         0
                text39                             2CEA     2CEA       1A         0
                intcode_body                       1312     1312      1F2         0
                text37                             2524     2524       6E         0
                text36                             17F0     17F0      11C         0
                text35                             23C2     23C2       7A         0
                text34                             16CA     16CA      126         0
                text33                             190C     190C      110         0
                text32                             26BC     26BC       5E         0
                text31                             2CA6     2CA6       28         0
                text30                             2C7C     2C7C       2A         0
                text29                             2C52     2C52       2A         0
                text28                             2C28     2C28       2A         0
                text27                             1FF0     1FF0       A0         0
                text26                             265E     265E       5E         0
                text25                             2348     2348       7A         0
                text24                             292A     292A       48         0
                text23                             288A     288A       50         0
                text22                             2A78     2A78       3E         0
                text21                             2776     2776       5C         0
                text20                             1C2C     1C2C       F4         0
                text19                             2CCE     2CCE       1C         0
                text18                             271A     271A       5C         0
                text17                             1F4E     1F4E       A2         0
                text16                             29F6     29F6       42         0
                text15                             21C2     21C2       8A         0
                text14                             29B4     29B4       42         0
                text13                             1D20     1D20       C4         0
                text12                             1E9E     1E9E       B0         0
                text11                             2B6A     2B6A       34         0
                text10                             2D6C     2D6C        2         0
                text9                              1DE4     1DE4       BA         0
                text8                              1504     1504      1C6         0
                text7                              2972     2972       42         0
                text6                              2A38     2A38       40         0
                text5                              1B2C     1B2C      100         0
                text4                              2090     2090       9A         0
                text3                              2592     2592       6A         0
                text2                              24B6     24B6       6E         0
                text1                              1072     1072      2A0         0
                text0                              2D52     2D52       10         0
                cinit                              25FC     25FC       62         0
                idataBANK0                         2B30     2B30       39         0
                idataCOMRAM                        2D62     2D62        A         0

        CLASS   CONST          

        CLASS   SMALLCONST     
                smallconst                         1000     1000       72         0

        CLASS   MEDIUMCONST    

        CLASS   COMRAM         
                temp                                 60       60        1         1
                cstackCOMRAM                          1        1       2D         1
                dataCOMRAM                           56       56        A         1
                bssCOMRAM                            2E       2E       28         1

        CLASS   ABS1           

        CLASS   BIGRAM         

        CLASS   RAM            

        CLASS   BANK0          
                cstackBANK0                          D9       D9       1F         1
                dataBANK0                            80       80       39         1
                bssBANK0                             B9       B9       20         1

        CLASS   BANK1          
                cstackBANK1                         100      100       16         1

        CLASS   BANK2          

        CLASS   BANK3          

        CLASS   BANK4          

        CLASS   BANK5          

        CLASS   BANK6          

        CLASS   BANK7          

        CLASS   BANK8          

        CLASS   BANK9          

        CLASS   BANK10         

        CLASS   BANK11         

        CLASS   BANK12         

        CLASS   BANK13         

        CLASS   BANK14         

        CLASS   BANK15         

        CLASS   SFR            

        CLASS   BIGSFR         

        CLASS   CONFIG         
                config                           300000   300000        E         4

        CLASS   IDLOC          

        CLASS   EEDATA         

        CLASS   FARRAM         

        CLASS   HEAP           

        CLASS   STACK          



SEGMENTS        Name                           Load    Length   Top    Selector   Space  Class

                reset_vec                      000000  000004  000004         0       0  CODE    
                cstackCOMRAM                   000001  000060  000061         1       1  COMRAM  
                intcode                        000008  00000A  000012         4       0  CODE    
                dataBANK0                      000080  000078  0000F8        80       1  BANK0   
                cstackBANK1                    000100  000016  000116       100       1  BANK1   
                smallconst                     001000  000072  001072       800       0  SMALLCON
                text1                          001072  001AF7  002B69       839       0  CODE    
                text11                         002B6A  000204  002D6E      15B5       0  CODE    


UNUSED ADDRESS RANGES

        Name                Unused          Largest block    Delta
        BANK0            0000F8-0000FF                8
        BANK1            000116-0001FF               EA
        BANK10           000A00-000AFF              100
        BANK11           000B00-000BFF              100
        BANK12           000C00-000CFF              100
        BANK13           000D00-000DFF              100
        BANK14           000E00-000EFF              100
        BANK15           000F00-000F7F               80
        BANK2            000200-0002FF              100
        BANK3            000300-0003FF              100
        BANK4            000400-0004FF              100
        BANK5            000500-0005FF              100
        BANK6            000600-0006FF              100
        BANK7            000700-0007FF              100
        BANK8            000800-0008FF              100
        BANK9            000900-0009FF              100
        BIGRAM           000061-00007F               1F
                         0000F8-0000FF                8
                         000116-000F7F              E6A
        BIGSFR           000F80-000FFF               80
        CODE             000004-000007                4
                         000012-000FFF              FEE
                         002B69-002B69                1
                         002D6E-00FFFF             D292
        COMRAM           000061-00007F               1F
        CONST            000004-000007                4
                         000012-000FFF              FEE
                         002B69-002B69                1
                         002D6E-00FFFF             D292
        EEDATA           F00000-F003FF              400
        IDLOC            200000-200007                8
        MEDIUMCONST      002B69-002B69                1
                         002D6E-00FFFF             D292
        RAM              0000F8-0000FF                8
                         000116-000F7F              100
        SFR              000F80-000FFF               80
        SMALLCONST       002B69-002B69                1
                         002D6E-00FFFF              100

                                  Symbol Table

?___awdiv                                    cstackCOMRAM 000020
?___awmod                                    cstackCOMRAM 000020
?___lmul                                     cstackCOMRAM 000020
?_abs                                        cstackCOMRAM 000026
?_rand                                       cstackCOMRAM 00002C
?_sprintf                                    cstackBANK0  0000E4
?_vfprintf                                   cstackBANK0  0000E0
INT0_Set_Interrupt_Handler@Interrupt_Handler cstackCOMRAM 000020
INT0_Set_Interrupt_Handler@ret               cstackCOMRAM 000022
INT1_Set_Interrupt_Handler@Interrupt_Handler cstackCOMRAM 000020
INT1_Set_Interrupt_Handler@ret               cstackCOMRAM 000022
INT2_Set_Interrupt_Handler@Interrupt_Handler cstackCOMRAM 000020
INT2_Set_Interrupt_Handler@ret               cstackCOMRAM 000022
Interrupt_INTx_Disable@obj                   cstackCOMRAM 000020
Interrupt_INTx_Disable@ret                   cstackCOMRAM 000023
Interrupt_INTx_Edge_Init@obj                 cstackCOMRAM 000020
Interrupt_INTx_Edge_Init@ret                 cstackCOMRAM 000023
Interrupt_INTx_Enable@obj                    cstackCOMRAM 000020
Interrupt_INTx_Enable@ret                    cstackCOMRAM 000023
Interrupt_INTx_Init@obj                      cstackCOMRAM 00002D
Interrupt_INTx_Init@ret                      cstackBANK0  0000D9
Interrupt_INTx_Pin_Init@obj                  cstackCOMRAM 00002B
Interrupt_INTx_Pin_Init@ret                  cstackCOMRAM 00002C
Interrupt_Set_Interrupt_Handler@obj          cstackCOMRAM 000023
Interrupt_Set_Interrupt_Handler@ret          cstackCOMRAM 000026
RB4_ISR@source                               cstackCOMRAM 000001
RB5_ISR@source                               cstackCOMRAM 000001
RB6_ISR@source                               cstackCOMRAM 000001
RB7_ISR@source                               cstackCOMRAM 000001
Relay_initialize@F3480                       bssCOMRAM    00004D
Relay_off@F3490                              bssCOMRAM    00004B
Relay_on@F3485                               bssCOMRAM    00004C
Seven_Segm_Display_Number@_Seven_Seg         cstackCOMRAM 000028
Seven_Segm_Display_Number@number             cstackCOMRAM 000029
Seven_Segm_Display_Number@ret                cstackCOMRAM 00002A
Seven_Segm_initailize@_Seven_Seg             cstackCOMRAM 00002B
Seven_Segm_initailize@ret                    cstackCOMRAM 00002C
_Application_initialize                      text4        002090
_EEADR                                       (abs)        000FA9
_EEADRH                                      (abs)        000FAA
_EECON1bits                                  (abs)        000FA6
_EECON2                                      (abs)        000FA7
_EEDATA                                      (abs)        000FA8
_INT0_ISR                                    text45       002BFA
_INT0_Interrupt_Handler                      bssCOMRAM    000046
_INT0_Set_Interrupt_Handler                  text30       002C7C
_INT1_ISR                                    text44       002BCC
_INT1_Interrupt_Handler                      bssCOMRAM    000044
_INT1_Set_Interrupt_Handler                  text29       002C52
_INT2_ISR                                    text43       002B9E
_INT2_Interrupt_Handler                      bssCOMRAM    000042
_INT2_Set_Interrupt_Handler                  text28       002C28
_INTCON2bits                                 (abs)        000FF1
_INTCON3bits                                 (abs)        000FF0
_INTCONbits                                  (abs)        000FF2
_Interrupt_INTx_Disable                      text37       002524
_Interrupt_INTx_Edge_Init                    text36       0017F0
_Interrupt_INTx_Enable                       text35       0023C2
_Interrupt_INTx_Init                         text26       00265E
_Interrupt_INTx_Pin_Init                     text31       002CA6
_Interrupt_Manager_High                      intcode      000008
_Interrupt_Set_Interrupt_Handler             text27       001FF0
_LATA                                        (abs)        000F89
_LATB                                        (abs)        000F8A
_LATC                                        (abs)        000F8B
_LATD                                        (abs)        000F8C
_LATE                                        (abs)        000F8D
_PORTA                                       (abs)        000F80
_PORTB                                       (abs)        000F81
_PORTBbits                                   (abs)        000F81
_PORTC                                       (abs)        000F82
_PORTD                                       (abs)        000F83
_PORTE                                       (abs)        000F84
_Player1                                     dataBANK0    0000A9
_Player2                                     dataBANK0    0000A3
_Player_one_move                             text46       00224C
_Player_two_move                             text47       0022CA
_RB4_ISR                                     text42       002D38
_RB4_Interrupt_Handler_High                  bssCOMRAM    000040
_RB4_Interrupt_Handler_Low                   bssCOMRAM    00003E
_RB4_f                                       dataCOMRAM   000059
_RB5_ISR                                     text41       002D1E
_RB5_Interrupt_Handler_High                  bssCOMRAM    00003C
_RB5_Interrupt_Handler_Low                   bssCOMRAM    00003A
_RB5_f                                       dataCOMRAM   000058
_RB6_ISR                                     text40       002D04
_RB6_Interrupt_Handler_High                  bssCOMRAM    000038
_RB6_Interrupt_Handler_Low                   bssCOMRAM    000036
_RB6_f                                       dataCOMRAM   000057
_RB7_ISR                                     text39       002CEA
_RB7_Interrupt_Handler_High                  bssCOMRAM    000034
_RB7_Interrupt_Handler_Low                   bssCOMRAM    000032
_RB7_f                                       dataCOMRAM   000056
_Seven_Segm_Display_Number                   text25       002348
_Seven_Segm_initailize                       text24       00292A
_TRISA                                       (abs)        000F92
_TRISB                                       (abs)        000F93
_TRISC                                       (abs)        000F94
_TRISD                                       (abs)        000F95
_TRISE                                       (abs)        000F96
__HRAM                                       (abs)        000000
__H__absolute__                              __absolute__ 000000
__Habs1                                      abs1         000000
__Hbank0                                     bank0        000000
__Hbank1                                     bank1        000000
__Hbank10                                    bank10       000000
__Hbank11                                    bank11       000000
__Hbank12                                    bank12       000000
__Hbank13                                    bank13       000000
__Hbank14                                    bank14       000000
__Hbank15                                    bank15       000000
__Hbank2                                     bank2        000000
__Hbank3                                     bank3        000000
__Hbank4                                     bank4        000000
__Hbank5                                     bank5        000000
__Hbank6                                     bank6        000000
__Hbank7                                     bank7        000000
__Hbank8                                     bank8        000000
__Hbank9                                     bank9        000000
__Hbigbss                                    bigbss       000000
__Hbigdata                                   bigdata      000000
__Hbigram                                    bigram       000000
__Hbigsfr                                    bigsfr       000000
__Hbss                                       bss          000000
__HbssBANK0                                  bssBANK0     000000
__HbssCOMRAM                                 bssCOMRAM    000000
__Hcinit                                     cinit        000000
__Hclrtext                                   clrtext      000000
__Hcomram                                    comram       000000
__Hconfig                                    config       30000E
__Hconst                                     const        000000
__HcstackBANK0                               cstackBANK0  000000
__HcstackBANK1                               cstackBANK1  000000
__HcstackCOMRAM                              cstackCOMRAM 000000
__Hdata                                      data         000000
__HdataBANK0                                 dataBANK0    000000
__HdataCOMRAM                                dataCOMRAM   000000
__Heeprom_data                               eeprom_data  000000
__Hfarbss                                    farbss       000000
__Hfardata                                   fardata      000000
__Hheap                                      heap         000000
__Hibigdata                                  ibigdata     000000
__Hidata                                     idata        000000
__HidataBANK0                                idataBANK0   000000
__HidataCOMRAM                               idataCOMRAM  000000
__Hidloc                                     idloc        000000
__Hifardata                                  ifardata     000000
__Hinit                                      init         000012
__Hintcode                                   intcode      00000E
__Hintcode_body                              intcode_body 000000
__Hintcodelo                                 intcodelo    00000E
__Hintentry                                  intentry     000000
__Hintret                                    intret       000000
__Hintsave_regs                              intsave_regs 000000
__Hirdata                                    irdata       000000
__Hmediumconst                               mediumconst  000000
__HnvFARRAM                                  nvFARRAM     000000
__Hnvbit                                     nvbit        000000
__Hnvrram                                    nvrram       000000
__Hparam                                     rparam       000000
__Hpowerup                                   powerup      00000E
__Hram                                       ram          000000
__Hramtop                                    ramtop       001000
__Hrbit                                      rbit         000000
__Hrbss                                      rbss         000000
__Hrdata                                     rdata        000000
__Hreset_vec                                 reset_vec    000004
__Hrparam                                    rparam       000000
__Hsfr                                       sfr          000000
__Hsmallconst                                smallconst   001072
__Hspace_0                                   (abs)        002D6E
__Hspace_1                                   (abs)        000116
__Hspace_2                                   (abs)        000000
__Hspace_4                                   (abs)        60000E
__Hstack                                     stack        000000
__Hstruct                                    struct       000000
__Htemp                                      temp         000061
__Htext                                      text         000000
__Htext0                                     text0        000000
__Htext1                                     text1        000000
__Htext10                                    text10       000000
__Htext11                                    text11       000000
__Htext12                                    text12       000000
__Htext13                                    text13       000000
__Htext14                                    text14       000000
__Htext15                                    text15       000000
__Htext16                                    text16       000000
__Htext17                                    text17       000000
__Htext18                                    text18       000000
__Htext19                                    text19       000000
__Htext2                                     text2        000000
__Htext20                                    text20       000000
__Htext21                                    text21       000000
__Htext22                                    text22       000000
__Htext23                                    text23       000000
__Htext24                                    text24       000000
__Htext25                                    text25       000000
__Htext26                                    text26       000000
__Htext27                                    text27       000000
__Htext28                                    text28       000000
__Htext29                                    text29       000000
__Htext3                                     text3        000000
__Htext30                                    text30       000000
__Htext31                                    text31       000000
__Htext32                                    text32       000000
__Htext33                                    text33       000000
__Htext34                                    text34       000000
__Htext35                                    text35       000000
__Htext36                                    text36       000000
__Htext37                                    text37       000000
__Htext39                                    text39       000000
__Htext4                                     text4        000000
__Htext40                                    text40       000000
__Htext41                                    text41       000000
__Htext42                                    text42       000000
__Htext43                                    text43       000000
__Htext44                                    text44       000000
__Htext45                                    text45       000000
__Htext46                                    text46       000000
__Htext47                                    text47       000000
__Htext48                                    text48       000000
__Htext49                                    text49       000000
__Htext5                                     text5        000000
__Htext50                                    text50       000000
__Htext51                                    text51       000000
__Htext52                                    text52       000000
__Htext53                                    text53       000000
__Htext54                                    text54       000000
__Htext55                                    text55       000000
__Htext56                                    text56       000000
__Htext6                                     text6        000000
__Htext7                                     text7        000000
__Htext8                                     text8        000000
__Htext9                                     text9        000000
__LRAM                                       (abs)        000001
__L__absolute__                              __absolute__ 000000
__Labs1                                      abs1         000000
__Lbank0                                     bank0        000000
__Lbank1                                     bank1        000000
__Lbank10                                    bank10       000000
__Lbank11                                    bank11       000000
__Lbank12                                    bank12       000000
__Lbank13                                    bank13       000000
__Lbank14                                    bank14       000000
__Lbank15                                    bank15       000000
__Lbank2                                     bank2        000000
__Lbank3                                     bank3        000000
__Lbank4                                     bank4        000000
__Lbank5                                     bank5        000000
__Lbank6                                     bank6        000000
__Lbank7                                     bank7        000000
__Lbank8                                     bank8        000000
__Lbank9                                     bank9        000000
__Lbigbss                                    bigbss       000000
__Lbigdata                                   bigdata      000000
__Lbigram                                    bigram       000000
__Lbigsfr                                    bigsfr       000000
__Lbss                                       bss          000000
__LbssBANK0                                  bssBANK0     000000
__LbssCOMRAM                                 bssCOMRAM    000000
__Lcinit                                     cinit        000000
__Lclrtext                                   clrtext      000000
__Lcomram                                    comram       000000
__Lconfig                                    config       000000
__Lconst                                     const        000000
__LcstackBANK0                               cstackBANK0  000000
__LcstackBANK1                               cstackBANK1  000000
__LcstackCOMRAM                              cstackCOMRAM 000000
__Ldata                                      data         000000
__LdataBANK0                                 dataBANK0    000000
__LdataCOMRAM                                dataCOMRAM   000000
__Leeprom_data                               eeprom_data  000000
__Lfarbss                                    farbss       000000
__Lfardata                                   fardata      000000
__Lheap                                      heap         000000
__Libigdata                                  ibigdata     000000
__Lidata                                     idata        000000
__LidataBANK0                                idataBANK0   000000
__LidataCOMRAM                               idataCOMRAM  000000
__Lidloc                                     idloc        000000
__Lifardata                                  ifardata     000000
__Linit                                      init         00000E
__Lintcode                                   intcode      000008
__Lintcode_body                              intcode_body 000000
__Lintcodelo                                 intcodelo    00000E
__Lintentry                                  intentry     000000
__Lintret                                    intret       000000
__Lintsave_regs                              intsave_regs 000000
__Lirdata                                    irdata       000000
__Lmediumconst                               mediumconst  000000
__LnvFARRAM                                  nvFARRAM     000000
__Lnvbit                                     nvbit        000000
__Lnvrram                                    nvrram       000000
__Lparam                                     rparam       000000
__Lpowerup                                   powerup      00000E
__Lram                                       ram          000000
__Lramtop                                    ramtop       001000
__Lrbit                                      rbit         000000
__Lrbss                                      rbss         000000
__Lrdata                                     rdata        000000
__Lreset_vec                                 reset_vec    000000
__Lrparam                                    rparam       000000
__Lsfr                                       sfr          000000
__Lsmallconst                                smallconst   001000
__Lspace_0                                   (abs)        000000
__Lspace_1                                   (abs)        000000
__Lspace_2                                   (abs)        000000
__Lspace_4                                   (abs)        000000
__Lstack                                     stack        000000
__Lstruct                                    struct       000000
__Ltemp                                      temp         000060
__Ltext                                      text         000000
__Ltext0                                     text0        000000
__Ltext1                                     text1        000000
__Ltext10                                    text10       000000
__Ltext11                                    text11       000000
__Ltext12                                    text12       000000
__Ltext13                                    text13       000000
__Ltext14                                    text14       000000
__Ltext15                                    text15       000000
__Ltext16                                    text16       000000
__Ltext17                                    text17       000000
__Ltext18                                    text18       000000
__Ltext19                                    text19       000000
__Ltext2                                     text2        000000
__Ltext20                                    text20       000000
__Ltext21                                    text21       000000
__Ltext22                                    text22       000000
__Ltext23                                    text23       000000
__Ltext24                                    text24       000000
__Ltext25                                    text25       000000
__Ltext26                                    text26       000000
__Ltext27                                    text27       000000
__Ltext28                                    text28       000000
__Ltext29                                    text29       000000
__Ltext3                                     text3        000000
__Ltext30                                    text30       000000
__Ltext31                                    text31       000000
__Ltext32                                    text32       000000
__Ltext33                                    text33       000000
__Ltext34                                    text34       000000
__Ltext35                                    text35       000000
__Ltext36                                    text36       000000
__Ltext37                                    text37       000000
__Ltext39                                    text39       000000
__Ltext4                                     text4        000000
__Ltext40                                    text40       000000
__Ltext41                                    text41       000000
__Ltext42                                    text42       000000
__Ltext43                                    text43       000000
__Ltext44                                    text44       000000
__Ltext45                                    text45       000000
__Ltext46                                    text46       000000
__Ltext47                                    text47       000000
__Ltext48                                    text48       000000
__Ltext49                                    text49       000000
__Ltext5                                     text5        000000
__Ltext50                                    text50       000000
__Ltext51                                    text51       000000
__Ltext52                                    text52       000000
__Ltext53                                    text53       000000
__Ltext54                                    text54       000000
__Ltext55                                    text55       000000
__Ltext56                                    text56       000000
__Ltext6                                     text6        000000
__Ltext7                                     text7        000000
__Ltext8                                     text8        000000
__Ltext9                                     text9        000000
__S0                                         (abs)        002D6E
__S1                                         (abs)        000116
__S4                                         (abs)        000000
__S5                                         (abs)        000000
___awdiv                                     text13       001D20
___awdiv@counter                             cstackCOMRAM 000024
___awdiv@dividend                            cstackCOMRAM 000020
___awdiv@divisor                             cstackCOMRAM 000022
___awdiv@quotient                            cstackCOMRAM 000026
___awdiv@sign                                cstackCOMRAM 000025
___awmod                                     text12       001E9E
___awmod@counter                             cstackCOMRAM 000024
___awmod@dividend                            cstackCOMRAM 000020
___awmod@divisor                             cstackCOMRAM 000022
___awmod@sign                                cstackCOMRAM 000025
___heap_hi                                   (abs)        000000
___heap_lo                                   (abs)        000000
___inthi_sp                                  stack        000000
___inthi_stack_hi                            stack        000000
___inthi_stack_lo                            stack        000000
___intlo_sp                                  stack        000000
___intlo_stack_hi                            stack        000000
___intlo_stack_lo                            stack        000000
___lmul                                      text3        002592
___lmul@multiplicand                         cstackCOMRAM 000024
___lmul@multiplier                           cstackCOMRAM 000020
___lmul@product                              cstackCOMRAM 000028
___param_bank                                (abs)        000000
___rparam_used                               (abs)        000001
___sp                                        stack        000000
___stack_hi                                  stack        000000
___stack_lo                                  stack        000000
__accesstop                                  (abs)        000080
__activetblptr                               (abs)        000003
__end_of_Application_initialize              text4        00212A
__end_of_INT0_ISR                            text45       002C28
__end_of_INT0_Set_Interrupt_Handler          text30       002CA6
__end_of_INT1_ISR                            text44       002BFA
__end_of_INT1_Set_Interrupt_Handler          text29       002C7C
__end_of_INT2_ISR                            text43       002BCC
__end_of_INT2_Set_Interrupt_Handler          text28       002C52
__end_of_Interrupt_INTx_Disable              text37       002592
__end_of_Interrupt_INTx_Edge_Init            text36       00190C
__end_of_Interrupt_INTx_Enable               text35       00243C
__end_of_Interrupt_INTx_Init                 text26       0026BC
__end_of_Interrupt_INTx_Pin_Init             text31       002CCE
__end_of_Interrupt_Manager_High              intcode_body 001504
__end_of_Interrupt_Set_Interrupt_Handler     text27       002090
__end_of_Player_one_move                     text46       0022CA
__end_of_Player_two_move                     text47       002348
__end_of_RB4_ISR                             text42       002D52
__end_of_RB5_ISR                             text41       002D38
__end_of_RB6_ISR                             text40       002D1E
__end_of_RB7_ISR                             text39       002D04
__end_of_Seven_Segm_Display_Number           text25       0023C2
__end_of_Seven_Segm_initailize               text24       002972
__end_of___awdiv                             text13       001DE4
__end_of___awmod                             text12       001F4E
__end_of___lmul                              text3        0025FC
__end_of__initialization                     cinit        002654
__end_of_abs                                 text11       002B9E
__end_of_ball_move                           text1        001312
__end_of_btn_values                          smallconst   001011
__end_of_ecu_layer_initialize                text19       002CEA
__end_of_fputc                               text9        001E9E
__end_of_gpio_pin_direction_intialize        text34       0017F0
__end_of_gpio_pin_initialize                 text32       00271A
__end_of_gpio_pin_write_logic                text33       001A1C
__end_of_lcd_4bit_initailize                 text20       001D20
__end_of_lcd_4bit_send_char_data             text18       002776
__end_of_lcd_4bit_send_char_data_pos         text16       002A38
__end_of_lcd_4bit_send_command               text21       0027D2
__end_of_lcd_4bit_send_string                text15       00224C
__end_of_lcd_4bit_send_string_pos            text14       0029F6
__end_of_lcd_4bit_set_cursor                 text17       001FF0
__end_of_lcd_4bits_command                   text23       0028DA
__end_of_lcd_4bits_send_enable               text22       002AB6
__end_of_main                                text0        002D62
__end_of_putch                               text10       002D6E
__end_of_rand                                text2        002524
__end_of_sprintf                             text6        002A78
__end_of_start_message                       text5        001C2C
__end_of_vfpfcnvrt                           text8        0016CA
__end_of_vfprintf                            text7        0029B4
__end_ofi2_Seven_Segm_Display_Number         text54       0024B6
__end_ofi2_gpio_pin_write_logic              text55       001B2C
__end_ofi2_lcd_4bit_send_char_data           text51       00288A
__end_ofi2_lcd_4bit_send_char_data_pos       text48       002B30
__end_ofi2_lcd_4bit_send_command             text50       00282E
__end_ofi2_lcd_4bit_set_cursor               text49       0021C2
__end_ofi2_lcd_4bits_command                 text53       00292A
__end_ofi2_lcd_4bits_send_enable             text52       002AF4
__initialization                             cinit        0025FC
__mediumconst                                mediumconst  000000
__pbssBANK0                                  bssBANK0     0000B9
__pbssCOMRAM                                 bssCOMRAM    00002E
__pcinit                                     cinit        0025FC
__pcstackBANK0                               cstackBANK0  0000D9
__pcstackBANK1                               cstackBANK1  000100
__pcstackCOMRAM                              cstackCOMRAM 000001
__pdataBANK0                                 dataBANK0    000080
__pdataCOMRAM                                dataCOMRAM   000056
__pidataBANK0                                idataBANK0   002B30
__pidataCOMRAM                               idataCOMRAM  002D62
__pintcode                                   intcode      000008
__pintcode_body                              intcode_body 001312
__psmallconst                                smallconst   001000
__ptext0                                     text0        002D52
__ptext1                                     text1        001072
__ptext10                                    text10       002D6C
__ptext11                                    text11       002B6A
__ptext12                                    text12       001E9E
__ptext13                                    text13       001D20
__ptext14                                    text14       0029B4
__ptext15                                    text15       0021C2
__ptext16                                    text16       0029F6
__ptext17                                    text17       001F4E
__ptext18                                    text18       00271A
__ptext19                                    text19       002CCE
__ptext2                                     text2        0024B6
__ptext20                                    text20       001C2C
__ptext21                                    text21       002776
__ptext22                                    text22       002A78
__ptext23                                    text23       00288A
__ptext24                                    text24       00292A
__ptext25                                    text25       002348
__ptext26                                    text26       00265E
__ptext27                                    text27       001FF0
__ptext28                                    text28       002C28
__ptext29                                    text29       002C52
__ptext3                                     text3        002592
__ptext30                                    text30       002C7C
__ptext31                                    text31       002CA6
__ptext32                                    text32       0026BC
__ptext33                                    text33       00190C
__ptext34                                    text34       0016CA
__ptext35                                    text35       0023C2
__ptext36                                    text36       0017F0
__ptext37                                    text37       002524
__ptext39                                    text39       002CEA
__ptext4                                     text4        002090
__ptext40                                    text40       002D04
__ptext41                                    text41       002D1E
__ptext42                                    text42       002D38
__ptext43                                    text43       002B9E
__ptext44                                    text44       002BCC
__ptext45                                    text45       002BFA
__ptext46                                    text46       00224C
__ptext47                                    text47       0022CA
__ptext48                                    text48       002AF4
__ptext49                                    text49       00212A
__ptext5                                     text5        001B2C
__ptext50                                    text50       0027D2
__ptext51                                    text51       00282E
__ptext52                                    text52       002AB6
__ptext53                                    text53       0028DA
__ptext54                                    text54       00243C
__ptext55                                    text55       001A1C
__ptext56                                    text56       000000
__ptext6                                     text6        002A38
__ptext7                                     text7        002972
__ptext8                                     text8        001504
__ptext9                                     text9        001DE4
__ramtop                                     ramtop       001000
__smallconst                                 smallconst   001000
_abs                                         text11       002B6A
_ball_move                                   text1        001072
_ball_x                                      dataBANK0    00009F
_ball_y                                      dataBANK0    00009E
_btn_values                                  smallconst   001001
_dbuf                                        bssBANK0     0000B9
_ecu_layer_initialize                        text19       002CCE
_flags                                       bssCOMRAM    000048
_fputc                                       text9        001DE4
_gpio_pin_direction_intialize                text34       0016CA
_gpio_pin_initialize                         text32       0026BC
_gpio_pin_write_logic                        text33       00190C
_lat_registers                               dataBANK0    00008A
_lcd                                         dataCOMRAM   00005A
_lcd_4bit_initailize                         text20       001C2C
_lcd_4bit_send_char_data                     text18       00271A
_lcd_4bit_send_char_data_pos                 text16       0029F6
_lcd_4bit_send_command                       text21       002776
_lcd_4bit_send_string                        text15       0021C2
_lcd_4bit_send_string_pos                    text14       0029B4
_lcd_4bit_set_cursor                         text17       001F4E
_lcd_4bits_command                           text23       00288A
_lcd_4bits_send_enable                       text22       002A78
_main                                        text0        002D52
_player_one_row                              dataBANK0    0000A1
_player_two_row                              dataBANK0    0000A0
_port_registers                              dataBANK0    000080
_prec                                        bssCOMRAM    000030
_putch                                       text10       002D6C
_rand                                        text2        0024B6
_ret                                         dataBANK0    0000A2
_seed                                        bssCOMRAM    000052
_seg1                                        dataBANK0    0000B4
_seg2                                        dataBANK0    0000AF
_sprintf                                     text6        002A38
_start_message                               text5        001B2C
_tris_registers                              dataBANK0    000094
_vfpfcnvrt                                   text8        001504
_vfprintf                                    text7        002972
_width                                       bssCOMRAM    00002E
_xDirection                                  bssCOMRAM    00004A
_yDirection                                  bssCOMRAM    000049
abs@a                                        cstackCOMRAM 000026
btemp                                        temp         000060
end_of_initialization                        cinit        002654
fputc@c                                      cstackCOMRAM 000020
fputc@fp                                     cstackCOMRAM 000022
gpio_pin_direction_intialize@_pin_config     cstackCOMRAM 000020
gpio_pin_direction_intialize@ret             cstackCOMRAM 000026
gpio_pin_initialize@_pin_config              cstackCOMRAM 000028
gpio_pin_initialize@ret                      cstackCOMRAM 00002A
gpio_pin_write_logic@_pin_config             cstackCOMRAM 000020
gpio_pin_write_logic@logic_                  cstackCOMRAM 000021
gpio_pin_write_logic@ret                     cstackCOMRAM 000027
i2Seven_Segm_Display_Number@_Seven_Seg       cstackCOMRAM 000009
i2Seven_Segm_Display_Number@number           cstackCOMRAM 00000A
i2Seven_Segm_Display_Number@ret              cstackCOMRAM 00000B
i2_Seven_Segm_Display_Number                 text54       00243C
i2_gpio_pin_write_logic                      text55       001A1C
i2_lcd_4bit_send_char_data                   text51       00282E
i2_lcd_4bit_send_char_data_pos               text48       002AF4
i2_lcd_4bit_send_command                     text50       0027D2
i2_lcd_4bit_set_cursor                       text49       00212A
i2_lcd_4bits_command                         text53       0028DA
i2_lcd_4bits_send_enable                     text52       002AB6
i2gpio_pin_write_logic@_pin_config           cstackCOMRAM 000001
i2gpio_pin_write_logic@logic_                cstackCOMRAM 000002
i2gpio_pin_write_logic@ret                   cstackCOMRAM 000008
i2lcd_4bit_send_char_data@Lcd                cstackCOMRAM 00000C
i2lcd_4bit_send_char_data@data               cstackCOMRAM 00000D
i2lcd_4bit_send_char_data@ret                cstackCOMRAM 00000E
i2lcd_4bit_send_char_data_pos@Lcd            cstackCOMRAM 000015
i2lcd_4bit_send_char_data_pos@column         cstackCOMRAM 000017
i2lcd_4bit_send_char_data_pos@data           cstackCOMRAM 000018
i2lcd_4bit_send_char_data_pos@ret            cstackCOMRAM 000019
i2lcd_4bit_send_char_data_pos@row            cstackCOMRAM 000016
i2lcd_4bit_send_command@Lcd                  cstackCOMRAM 00000C
i2lcd_4bit_send_command@command              cstackCOMRAM 00000D
i2lcd_4bit_send_command@ret                  cstackCOMRAM 00000E
i2lcd_4bit_set_cursor@Lcd                    cstackCOMRAM 00000F
i2lcd_4bit_set_cursor@column                 cstackCOMRAM 000011
i2lcd_4bit_set_cursor@ret                    cstackCOMRAM 000014
i2lcd_4bit_set_cursor@row                    cstackCOMRAM 000010
i2lcd_4bits_command@Lcd                      cstackCOMRAM 000009
i2lcd_4bits_command@data_command             cstackCOMRAM 00000A
i2lcd_4bits_command@ret                      cstackCOMRAM 00000B
i2lcd_4bits_send_enable@Lcd                  cstackCOMRAM 000009
i2lcd_4bits_send_enable@ret                  cstackCOMRAM 00000A
int$flags                                    temp         000060
int_func                                     intcode_body 001312
intlevel0                                    text         000000
intlevel1                                    text         000000
intlevel2                                    text         000000
intlevel3                                    text         000000
isa$std                                      (abs)        000001
isa$xinst                                    (abs)        000000
lcd_4bit_initailize@Lcd                      cstackBANK0  0000D9
lcd_4bit_initailize@i                        cstackBANK0  0000DB
lcd_4bit_initailize@ret                      cstackBANK0  0000DC
lcd_4bit_send_char_data@Lcd                  cstackCOMRAM 00002B
lcd_4bit_send_char_data@data                 cstackCOMRAM 00002C
lcd_4bit_send_char_data@ret                  cstackCOMRAM 00002D
lcd_4bit_send_char_data_pos@Lcd              cstackBANK0  0000DF
lcd_4bit_send_char_data_pos@column           cstackBANK0  0000E1
lcd_4bit_send_char_data_pos@data             cstackBANK0  0000E2
lcd_4bit_send_char_data_pos@ret              cstackBANK0  0000E3
lcd_4bit_send_char_data_pos@row              cstackBANK0  0000E0
lcd_4bit_send_command@Lcd                    cstackCOMRAM 00002B
lcd_4bit_send_command@command                cstackCOMRAM 00002C
lcd_4bit_send_command@ret                    cstackCOMRAM 00002D
lcd_4bit_send_string@Lcd                     cstackBANK0  0000D9
lcd_4bit_send_string@ret                     cstackBANK0  0000DC
lcd_4bit_send_string@str                     cstackBANK0  0000DA
lcd_4bit_send_string_pos@Lcd                 cstackBANK0  0000DF
lcd_4bit_send_string_pos@column              cstackBANK0  0000E1
lcd_4bit_send_string_pos@ret                 cstackBANK0  0000E4
lcd_4bit_send_string_pos@row                 cstackBANK0  0000E0
lcd_4bit_send_string_pos@str                 cstackBANK0  0000E2
lcd_4bit_set_cursor@Lcd                      cstackBANK0  0000D9
lcd_4bit_set_cursor@column                   cstackBANK0  0000DB
lcd_4bit_set_cursor@ret                      cstackBANK0  0000DE
lcd_4bit_set_cursor@row                      cstackBANK0  0000DA
lcd_4bits_command@Lcd                        cstackCOMRAM 000028
lcd_4bits_command@data_command               cstackCOMRAM 000029
lcd_4bits_command@ret                        cstackCOMRAM 00002A
lcd_4bits_send_enable@Lcd                    cstackCOMRAM 000028
lcd_4bits_send_enable@ret                    cstackCOMRAM 000029
led_intialize@F3482                          bssCOMRAM    000051
led_toggle_status@F3497                      bssCOMRAM    00004E
led_turn_off@F3492                           bssCOMRAM    00004F
led_turn_on@F3487                            bssCOMRAM    000050
sprintf@ap                                   cstackBANK0  0000E9
sprintf@f                                    cstackBANK0  0000EA
sprintf@fmt                                  cstackBANK0  0000E6
sprintf@s                                    cstackBANK0  0000E4
stackhi                                      (abs)        000000
stacklo                                      (abs)        000000
start                                        init         00000E
start_initialization                         cinit        0025FC
start_message@i                              cstackBANK1  000114
start_message@message                        cstackBANK1  000100
ttemp5                                       temp         000061
ttemp6                                       temp         000064
ttemp7                                       temp         000068
vfpfcnvrt@ap                                 cstackCOMRAM 00002C
vfpfcnvrt@c                                  cstackBANK0  0000DF
vfpfcnvrt@convarg                            cstackBANK0  0000DB
vfpfcnvrt@cp                                 cstackBANK0  0000DA
vfpfcnvrt@done                               cstackBANK0  0000D9
vfpfcnvrt@fmt                                cstackCOMRAM 00002B
vfpfcnvrt@fp                                 cstackCOMRAM 00002A
vfprintf@ap                                  cstackBANK0  0000E2
vfprintf@cfmt                                cstackBANK0  0000E3
vfprintf@fmt                                 cstackBANK0  0000E1
vfprintf@fp                                  cstackBANK0  0000E0
wtemp8                                       temp         000061


MODULE INFORMATION

Module		Function		Class		Link	Load	Size
D:\IDE MCU\pic\sources\c99\common\rand.c
		_rand          		CODE           	24B6	0000	110

D:\IDE MCU\pic\sources\c99\common\rand.c estimated size: 110

D:\IDE MCU\pic\sources\c99\common\awdiv.c
		___awdiv       		CODE           	1D20	0000	196

D:\IDE MCU\pic\sources\c99\common\awdiv.c estimated size: 196

D:\IDE MCU\pic\sources\c99\common\doprnt.c
		_vfpfcnvrt     		CODE           	1504	0000	454
		_vfprintf      		CODE           	2972	0000	66

D:\IDE MCU\pic\sources\c99\common\doprnt.c estimated size: 520

D:\IDE MCU\pic\sources\c99\common\nf_fputc.c
		_fputc         		CODE           	1DE4	0000	186

D:\IDE MCU\pic\sources\c99\common\nf_fputc.c estimated size: 186

ECU_LAYER/ecu_layer_init.c
		_ecu_layer_initialize		CODE           	2CCE	0000	28

ECU_LAYER/ecu_layer_init.c estimated size: 28

MCAL_LAYER/Interrupt/mcal_external_interrupt.c
		_INT0_Set_Interrupt_Handler		CODE           	2C7C	0000	42
		_Interrupt_INTx_Enable		CODE           	23C2	0000	122
		_INT1_Set_Interrupt_Handler		CODE           	2C52	0000	42
		_RB4_ISR       		CODE           	2D38	0000	26
		_RB5_ISR       		CODE           	2D1E	0000	26
		_INT2_Set_Interrupt_Handler		CODE           	2C28	0000	42
		_RB6_ISR       		CODE           	2D04	0000	26
		_RB7_ISR       		CODE           	2CEA	0000	26
		_Interrupt_Set_Interrupt_Handler		CODE           	1FF0	0000	160
		_Interrupt_INTx_Edge_Init		CODE           	17F0	0000	284
		_Interrupt_INTx_Init		CODE           	265E	0000	94
		_Interrupt_INTx_Disable		CODE           	2524	0000	110
		_INT0_ISR      		CODE           	2BFA	0000	46
		_Interrupt_INTx_Pin_Init		CODE           	2CA6	0000	40
		_INT1_ISR      		CODE           	2BCC	0000	46
		_INT2_ISR      		CODE           	2B9E	0000	46

MCAL_LAYER/Interrupt/mcal_external_interrupt.c estimated size: 1178

D:\IDE MCU\pic\sources\c99\common\abs.c
		_abs           		CODE           	2B6A	0000	52

D:\IDE MCU\pic\sources\c99\common\abs.c estimated size: 52

D:\IDE MCU\pic\sources\c99\common\putch.c
		_putch         		CODE           	2D6C	0000	2

D:\IDE MCU\pic\sources\c99\common\putch.c estimated size: 2

D:\IDE MCU\pic\sources\c99\common\nf_sprintf.c
		_sprintf       		CODE           	2A38	0000	64

D:\IDE MCU\pic\sources\c99\common\nf_sprintf.c estimated size: 64

MCAL_LAYER/Interrupt/mcal_interrupt_manager.c
		_Interrupt_Manager_High		CODE           	0008	0000	504

MCAL_LAYER/Interrupt/mcal_interrupt_manager.c estimated size: 504

shared
		i2_lcd_4bit_send_char_data		CODE           	282E	0000	92
		i2_lcd_4bits_command		CODE           	28DA	0000	80
		i2_lcd_4bits_send_enable		CODE           	2AB6	0000	62
		i2_lcd_4bit_set_cursor		CODE           	212A	0000	152
		i2_lcd_4bit_send_command		CODE           	27D2	0000	92
		i2_lcd_4bit_send_char_data_pos		CODE           	2AF4	0000	60
		_btn_values    		SMALLCONST     	1001	0000	16
		__initialization		CODE           	25FC	0000	88
		i2_gpio_pin_write_logic		CODE           	1A1C	0000	272
		i2_Seven_Segm_Display_Number		CODE           	243C	0000	122

shared estimated size: 1036

app.c
		_main          		CODE           	2D52	0000	16
		_Player_one_move		CODE           	224C	0000	126
		_Player_two_move		CODE           	22CA	0000	126
		_ball_move     		CODE           	1072	0000	672
		_start_message 		CODE           	1B2C	0000	256
		_Application_initialize		CODE           	2090	0000	154

app.c estimated size: 1350

D:\IDE MCU\pic\sources\c99\common\awmod.c
		___awmod       		CODE           	1E9E	0000	176

D:\IDE MCU\pic\sources\c99\common\awmod.c estimated size: 176

MCAL_Layer/GPIO/hal_gpio.c
		_gpio_pin_write_logic		CODE           	190C	0000	272
		_gpio_pin_direction_intialize		CODE           	16CA	0000	294
		_gpio_pin_initialize		CODE           	26BC	0000	94

MCAL_Layer/GPIO/hal_gpio.c estimated size: 660

ECU_LAYER/Chr_Lcd/ecu_chr_lcd.c
		_lcd_4bit_send_command		CODE           	2776	0000	92
		_lcd_4bit_send_string_pos		CODE           	29B4	0000	66
		_lcd_4bit_send_char_data		CODE           	271A	0000	92
		_lcd_4bit_send_char_data_pos		CODE           	29F6	0000	66
		_lcd_4bit_set_cursor		CODE           	1F4E	0000	162
		_lcd_4bits_command		CODE           	288A	0000	80
		_lcd_4bits_send_enable		CODE           	2A78	0000	62
		_lcd_4bit_initailize		CODE           	1C2C	0000	244
		_lcd_4bit_send_string		CODE           	21C2	0000	138

ECU_LAYER/Chr_Lcd/ecu_chr_lcd.c estimated size: 1002

D:\IDE MCU\pic\sources\c99\common\Umul32.c
		___lmul        		CODE           	2592	0000	106

D:\IDE MCU\pic\sources\c99\common\Umul32.c estimated size: 106

ECU_LAYER/Seven_Seg/Seven_Seg.c
		_Seven_Segm_Display_Number		CODE           	2348	0000	122
		_Seven_Segm_initailize		CODE           	292A	0000	72

ECU_LAYER/Seven_Seg/Seven_Seg.c estimated size: 194

