Microchip MPLAB XC8 Compiler V2.45

Linker command line:

-W-3 --edf=D:\IDE MCU\pic\dat\20230818022343_en.msgs -cn \
  -h+dist/default/production\Drivers.X.production.sym \
  --cmf=dist/default/production\Drivers.X.production.cmf -z -Q18F4620 \
  -oC:\Users\xcite\AppData\Local\Temp\xcAsirk.\driver_tmp_3.o \
  --defsym=__MPLAB_BUILD=1 --fixupoverflow=error \
  -Mdist/default/production/Drivers.X.production.map \
  --md=C:\Users\xcite\AppData\Local\Temp\xcAsirk.\driver_tmp_0.dat -E1 \
  -ver=XC8 Compiler --acfsm=1493 -ACODE=00h-0FFFFh -ACONST=00h-0FFFFh \
  -ASMALLCONST=01000h-010FFhx240 -AMEDIUMCONST=01000h-0FFFFh \
  -ACOMRAM=01h-07Fh -AABS1=00h-0F7Fh -ABIGRAM=01h-0F7Fh \
  -ARAM=080h-0FFh,0100h-01FFhx14,0F00h-0F7Fh -ABANK0=080h-0FFh \
  -ABANK1=0100h-01FFh -ABANK2=0200h-02FFh -ABANK3=0300h-03FFh \
  -ABANK4=0400h-04FFh -ABANK5=0500h-05FFh -ABANK6=0600h-06FFh \
  -ABANK7=0700h-07FFh -ABANK8=0800h-08FFh -ABANK9=0900h-09FFh \
  -ABANK10=0A00h-0AFFh -ABANK11=0B00h-0BFFh -ABANK12=0C00h-0CFFh \
  -ABANK13=0D00h-0DFFh -ABANK14=0E00h-0EFFh -ABANK15=0F00h-0F7Fh \
  -ASFR=0F80h-0FFFh -ABIGSFR=0F80h-0FFFh -ACONFIG=0300000h-030000Dh \
  -AIDLOC=0200000h-0200007h -AEEDATA=0F00000h-0F003FFh -peeprom_data=EEDATA \
  -preset_vec=00h,intcode=08h,intcodelo,powerup,init -pramtop=01000h \
  -psmallconst=SMALLCONST -pmediumconst=MEDIUMCONST -pconst=CONST \
  -AFARRAM=00h-00h \
  -prdata=COMRAM,nvrram=COMRAM,nvbit=COMRAM,rbss=COMRAM,rbit=COMRAM \
  -pfarbss=FARRAM,fardata=FARRAM,nvFARRAM=FARRAM \
  -pintsave_regs=BIGRAM,bigbss=BIGRAM,bigdata=BIGRAM -pbss=RAM \
  -pidata=CODE,irdata=CODE,ibigdata=CODE,ifardata=CODE -prparam=COMRAM \
  C:\Users\xcite\AppData\Local\Temp\xcAsirk.\driver_tmp_9.o \
  dist/default/production\Drivers.X.production.o 

Object code version is 3.11

Machine type is 18F4620



                Name                               Link     Load   Length Selector   Space Scale
C:\Users\xcite\AppData\Local\Temp\xcAsirk.\driver_tmp_9.o
                config                           300000   300000        E        0       4
                init                                  E        E        4        4       0
                reset_vec                             0        0        4        0       0
dist/default/production\Drivers.X.production.o
                intcode                               8        8        6        4       0
                config                           300000   300000        E        0       4
                temp                                 71       71        1        1       1
                smallconst                         1000     1000       16      800       0
                text23                             18C4     18C4        4      C07       0
                text22                             18C0     18C0        4      C07       0
                text21                             18BC     18BC        4      C07       0
                text20                             18B8     18B8        4      C07       0
                text19                             185C     185C       1A      C07       0
                text18                             1842     1842       1A      C07       0
                text17                             1828     1828       1A      C07       0
                text16                             180E     180E       1A      C07       0
                text15                             189A     189A        C      C07       0
                text14                             154C     154C       82      80B       0
                text13                             16AE     16AE       6A      80B       0
                text12                             18A6     18A6        A      C07       0
                text11                             17AC     17AC       36      80B       0
                text10                             18B0     18B0        8      C07       0
                intcode_body                       1016     1016      272      80B       0
                text8                              15CE     15CE       72      80B       0
                text7                              14BE     14BE       8E      80B       0
                text6                              18C8     18C8        2      C07       0
                text5                              1288     1288      126      80B       0
                text4                              13AE     13AE      110      80B       0
                text3                              1718     1718       5E      80B       0
                text2                              1640     1640       6E      80B       0
                text1                              1876     1876       18      C07       0
                text0                              188E     188E        C      C07       0
                cstackCOMRAM                         56       56       19        1       1
                cstackBANK0                          80       80        3       80       1
                dataCOMRAM                            1        1       2B        1       1
                bssCOMRAM                            2C       2C       2A        1       1
                cinit                              1776     1776       36      80B       0
                nvCOMRAM                             6F       6F        2        1       1
                idataCOMRAM                        17E2     17E2       2B      80B       0

TOTAL           Name                               Link     Load   Length     Space
        CLASS   CODE           
                intcode                               8        8        6         0
                init                                  E        E        4         0
                reset_vec                             0        0        4         0
                text23                             18C4     18C4        4         0
                text22                             18C0     18C0        4         0
                text21                             18BC     18BC        4         0
                text20                             18B8     18B8        4         0
                text19                             185C     185C       1A         0
                text18                             1842     1842       1A         0
                text17                             1828     1828       1A         0
                text16                             180E     180E       1A         0
                text15                             189A     189A        C         0
                text14                             154C     154C       82         0
                text13                             16AE     16AE       6A         0
                text12                             18A6     18A6        A         0
                text11                             17AC     17AC       36         0
                text10                             18B0     18B0        8         0
                intcode_body                       1016     1016      272         0
                text8                              15CE     15CE       72         0
                text7                              14BE     14BE       8E         0
                text6                              18C8     18C8        2         0
                text5                              1288     1288      126         0
                text4                              13AE     13AE      110         0
                text3                              1718     1718       5E         0
                text2                              1640     1640       6E         0
                text1                              1876     1876       18         0
                text0                              188E     188E        C         0
                cinit                              1776     1776       36         0
                idataCOMRAM                        17E2     17E2       2B         0

        CLASS   CONST          

        CLASS   SMALLCONST     
                smallconst                         1000     1000       16         0

        CLASS   MEDIUMCONST    

        CLASS   COMRAM         
                temp                                 71       71        1         1
                cstackCOMRAM                         56       56       19         1
                dataCOMRAM                            1        1       2B         1
                bssCOMRAM                            2C       2C       2A         1
                nvCOMRAM                             6F       6F        2         1

        CLASS   ABS1           

        CLASS   BIGRAM         

        CLASS   RAM            

        CLASS   BANK0          
                cstackBANK0                          80       80        3         1

        CLASS   BANK1          

        CLASS   BANK2          

        CLASS   BANK3          

        CLASS   BANK4          

        CLASS   BANK5          

        CLASS   BANK6          

        CLASS   BANK7          

        CLASS   BANK8          

        CLASS   BANK9          

        CLASS   BANK10         

        CLASS   BANK11         

        CLASS   BANK12         

        CLASS   BANK13         

        CLASS   BANK14         

        CLASS   BANK15         

        CLASS   SFR            

        CLASS   BIGSFR         

        CLASS   CONFIG         
                config                           300000   300000        E         4

        CLASS   IDLOC          

        CLASS   EEDATA         

        CLASS   FARRAM         

        CLASS   HEAP           

        CLASS   STACK          



SEGMENTS        Name                           Load    Length   Top    Selector   Space  Class

                reset_vec                      000000  000004  000004         0       0  CODE    
                dataCOMRAM                     000001  000071  000072         1       1  COMRAM  
                intcode                        000008  00000A  000012         4       0  CODE    
                cstackBANK0                    000080  000003  000083        80       1  BANK0   
                smallconst                     001000  000016  001016       800       0  SMALLCON
                intcode_body                   001016  0007F7  00180D       80B       0  CODE    
                text16                         00180E  0000BC  0018CA       C07       0  CODE    


UNUSED ADDRESS RANGES

        Name                Unused          Largest block    Delta
        BANK0            000083-0000FF               7D
        BANK1            000100-0001FF              100
        BANK10           000A00-000AFF              100
        BANK11           000B00-000BFF              100
        BANK12           000C00-000CFF              100
        BANK13           000D00-000DFF              100
        BANK14           000E00-000EFF              100
        BANK15           000F00-000F7F               80
        BANK2            000200-0002FF              100
        BANK3            000300-0003FF              100
        BANK4            000400-0004FF              100
        BANK5            000500-0005FF              100
        BANK6            000600-0006FF              100
        BANK7            000700-0007FF              100
        BANK8            000800-0008FF              100
        BANK9            000900-0009FF              100
        BIGRAM           000072-00007F                E
                         000083-000F7F              EFD
        BIGSFR           000F80-000FFF               80
        CODE             000004-000007                4
                         000012-000FFF              FEE
                         00180D-00180D                1
                         0018CA-00FFFF             E736
        COMRAM           000072-00007F                E
        CONST            000004-000007                4
                         000012-000FFF              FEE
                         00180D-00180D                1
                         0018CA-00FFFF             E736
        EEDATA           F00000-F003FF              400
        IDLOC            200000-200007                8
        MEDIUMCONST      00180D-00180D                1
                         0018CA-00FFFF             E736
        RAM              000083-000F7F              100
        SFR              000F80-000FFF               80
        SMALLCONST       00180D-00180D                1
                         0018CA-00FFFF              100

                                  Symbol Table

RB4_ISR@source                           cstackCOMRAM 000056
RB5_ISR@source                           cstackCOMRAM 000056
RB6_ISR@source                           cstackCOMRAM 000056
RB7_ISR@source                           cstackCOMRAM 000056
Relay_initialize@F3480                   bssCOMRAM    000051
Relay_off@F3490                          bssCOMRAM    00004F
Relay_on@F3485                           bssCOMRAM    000050
Timer1_Init@timer                        cstackCOMRAM 000065
Timer1_Mode_Config@timer                 cstackCOMRAM 000064
_ADCON0bits                              (abs)        000FC2
_ADCON1bits                              (abs)        000FC1
_ADCON2bits                              (abs)        000FC0
_ADC_ISR                                 text23       0018C4
_ADRESH                                  (abs)        000FC4
_ADRESL                                  (abs)        000FC3
_Application_initialize                  text1        001876
_EEADR                                   (abs)        000FA9
_EEADRH                                  (abs)        000FAA
_EECON1bits                              (abs)        000FA6
_EECON2                                  (abs)        000FA7
_EEDATA                                  (abs)        000FA8
_INT0_ISR                                text22       0018C0
_INT0_Interrupt_Handler                  bssCOMRAM    00004A
_INT1_ISR                                text21       0018BC
_INT1_Interrupt_Handler                  bssCOMRAM    000048
_INT2_ISR                                text20       0018B8
_INT2_Interrupt_Handler                  bssCOMRAM    000046
_INTCON2bits                             (abs)        000FF1
_INTCON3bits                             (abs)        000FF0
_INTCONbits                              (abs)        000FF2
_Interrupt_Manager_High                  intcode      000008
_Isr                                     text12       0018A6
_LATA                                    (abs)        000F89
_LATB                                    (abs)        000F8A
_LATC                                    (abs)        000F8B
_LATD                                    (abs)        000F8C
_LATE                                    (abs)        000F8D
_PIE1bits                                (abs)        000F9D
_PIR1bits                                (abs)        000F9E
_PORTA                                   (abs)        000F80
_PORTB                                   (abs)        000F81
_PORTBbits                               (abs)        000F81
_PORTC                                   (abs)        000F82
_PORTD                                   (abs)        000F83
_PORTE                                   (abs)        000F84
_RB4_ISR                                 text19       00185C
_RB4_Interrupt_Handler_High              bssCOMRAM    000044
_RB4_Interrupt_Handler_Low               bssCOMRAM    000042
_RB4_f                                   dataCOMRAM   000023
_RB5_ISR                                 text18       001842
_RB5_Interrupt_Handler_High              bssCOMRAM    000040
_RB5_Interrupt_Handler_Low               bssCOMRAM    00003E
_RB5_f                                   dataCOMRAM   000022
_RB6_ISR                                 text17       001828
_RB6_Interrupt_Handler_High              bssCOMRAM    00003C
_RB6_Interrupt_Handler_Low               bssCOMRAM    00003A
_RB6_f                                   dataCOMRAM   000021
_RB7_ISR                                 text16       00180E
_RB7_Interrupt_Handler_High              bssCOMRAM    000038
_RB7_Interrupt_Handler_Low               bssCOMRAM    000036
_RB7_f                                   dataCOMRAM   000020
_T0CONbits                               (abs)        000FD5
_T1CONbits                               (abs)        000FCD
_T2CONbits                               (abs)        000FCA
_TIMER0_ISR                              text15       00189A
_TIMER1_ISR                              text11       0017AC
_TIMER2_ISR                              text10       0018B0
_TMR0H                                   (abs)        000FD7
_TMR0L                                   (abs)        000FD6
_TMR1H                                   (abs)        000FCF
_TMR1L                                   (abs)        000FCE
_TMR2                                    (abs)        000FCC
_TRISA                                   (abs)        000F92
_TRISB                                   (abs)        000F93
_TRISC                                   (abs)        000F94
_TRISD                                   (abs)        000F95
_TRISE                                   (abs)        000F96
_Timer0_Interrupt_Handler                bssCOMRAM    000034
_Timer1_Init                             text7        0014BE
_Timer1_Interrupt_Handler                bssCOMRAM    000030
_Timer1_Mode_Config                      text8        0015CE
_Timer2_Interrupt_Handler                bssCOMRAM    00002E
__ADC_Interrupt_Handler                  bssCOMRAM    00004C
__HRAM                                   (abs)        000000
__H__absolute__                          __absolute__ 000000
__Habs1                                  abs1         000000
__Hbank0                                 bank0        000000
__Hbank1                                 bank1        000000
__Hbank10                                bank10       000000
__Hbank11                                bank11       000000
__Hbank12                                bank12       000000
__Hbank13                                bank13       000000
__Hbank14                                bank14       000000
__Hbank15                                bank15       000000
__Hbank2                                 bank2        000000
__Hbank3                                 bank3        000000
__Hbank4                                 bank4        000000
__Hbank5                                 bank5        000000
__Hbank6                                 bank6        000000
__Hbank7                                 bank7        000000
__Hbank8                                 bank8        000000
__Hbank9                                 bank9        000000
__Hbigbss                                bigbss       000000
__Hbigdata                               bigdata      000000
__Hbigram                                bigram       000000
__Hbigsfr                                bigsfr       000000
__Hbss                                   bss          000000
__HbssCOMRAM                             bssCOMRAM    000000
__Hcinit                                 cinit        000000
__Hclrtext                               clrtext      000000
__Hcomram                                comram       000000
__Hconfig                                config       30000E
__Hconst                                 const        000000
__HcstackBANK0                           cstackBANK0  000000
__HcstackCOMRAM                          cstackCOMRAM 000000
__Hdata                                  data         000000
__HdataCOMRAM                            dataCOMRAM   000000
__Heeprom_data                           eeprom_data  000000
__Hfarbss                                farbss       000000
__Hfardata                               fardata      000000
__Hheap                                  heap         000000
__Hibigdata                              ibigdata     000000
__Hidata                                 idata        000000
__HidataCOMRAM                           idataCOMRAM  000000
__Hidloc                                 idloc        000000
__Hifardata                              ifardata     000000
__Hinit                                  init         000012
__Hintcode                               intcode      00000E
__Hintcode_body                          intcode_body 000000
__Hintcodelo                             intcodelo    00000E
__Hintentry                              intentry     000000
__Hintret                                intret       000000
__Hintsave_regs                          intsave_regs 000000
__Hirdata                                irdata       000000
__Hmediumconst                           mediumconst  000000
__HnvCOMRAM                              nvCOMRAM     000000
__HnvFARRAM                              nvFARRAM     000000
__Hnvbit                                 nvbit        000000
__Hnvrram                                nvrram       000000
__Hparam                                 rparam       000000
__Hpowerup                               powerup      00000E
__Hram                                   ram          000000
__Hramtop                                ramtop       001000
__Hrbit                                  rbit         000000
__Hrbss                                  rbss         000000
__Hrdata                                 rdata        000000
__Hreset_vec                             reset_vec    000004
__Hrparam                                rparam       000000
__Hsfr                                   sfr          000000
__Hsmallconst                            smallconst   001016
__Hspace_0                               (abs)        0018CA
__Hspace_1                               (abs)        000083
__Hspace_2                               (abs)        000000
__Hspace_4                               (abs)        60000E
__Hstack                                 stack        000000
__Hstruct                                struct       000000
__Htemp                                  temp         000072
__Htext                                  text         000000
__Htext0                                 text0        000000
__Htext1                                 text1        000000
__Htext10                                text10       000000
__Htext11                                text11       000000
__Htext12                                text12       000000
__Htext13                                text13       000000
__Htext14                                text14       000000
__Htext15                                text15       000000
__Htext16                                text16       000000
__Htext17                                text17       000000
__Htext18                                text18       000000
__Htext19                                text19       000000
__Htext2                                 text2        000000
__Htext20                                text20       000000
__Htext21                                text21       000000
__Htext22                                text22       000000
__Htext23                                text23       000000
__Htext24                                text24       000000
__Htext3                                 text3        000000
__Htext4                                 text4        000000
__Htext5                                 text5        000000
__Htext6                                 text6        000000
__Htext7                                 text7        000000
__Htext8                                 text8        000000
__LRAM                                   (abs)        000001
__L__absolute__                          __absolute__ 000000
__Labs1                                  abs1         000000
__Lbank0                                 bank0        000000
__Lbank1                                 bank1        000000
__Lbank10                                bank10       000000
__Lbank11                                bank11       000000
__Lbank12                                bank12       000000
__Lbank13                                bank13       000000
__Lbank14                                bank14       000000
__Lbank15                                bank15       000000
__Lbank2                                 bank2        000000
__Lbank3                                 bank3        000000
__Lbank4                                 bank4        000000
__Lbank5                                 bank5        000000
__Lbank6                                 bank6        000000
__Lbank7                                 bank7        000000
__Lbank8                                 bank8        000000
__Lbank9                                 bank9        000000
__Lbigbss                                bigbss       000000
__Lbigdata                               bigdata      000000
__Lbigram                                bigram       000000
__Lbigsfr                                bigsfr       000000
__Lbss                                   bss          000000
__LbssCOMRAM                             bssCOMRAM    000000
__Lcinit                                 cinit        000000
__Lclrtext                               clrtext      000000
__Lcomram                                comram       000000
__Lconfig                                config       000000
__Lconst                                 const        000000
__LcstackBANK0                           cstackBANK0  000000
__LcstackCOMRAM                          cstackCOMRAM 000000
__Ldata                                  data         000000
__LdataCOMRAM                            dataCOMRAM   000000
__Leeprom_data                           eeprom_data  000000
__Lfarbss                                farbss       000000
__Lfardata                               fardata      000000
__Lheap                                  heap         000000
__Libigdata                              ibigdata     000000
__Lidata                                 idata        000000
__LidataCOMRAM                           idataCOMRAM  000000
__Lidloc                                 idloc        000000
__Lifardata                              ifardata     000000
__Linit                                  init         00000E
__Lintcode                               intcode      000008
__Lintcode_body                          intcode_body 000000
__Lintcodelo                             intcodelo    00000E
__Lintentry                              intentry     000000
__Lintret                                intret       000000
__Lintsave_regs                          intsave_regs 000000
__Lirdata                                irdata       000000
__Lmediumconst                           mediumconst  000000
__LnvCOMRAM                              nvCOMRAM     000000
__LnvFARRAM                              nvFARRAM     000000
__Lnvbit                                 nvbit        000000
__Lnvrram                                nvrram       000000
__Lparam                                 rparam       000000
__Lpowerup                               powerup      00000E
__Lram                                   ram          000000
__Lramtop                                ramtop       001000
__Lrbit                                  rbit         000000
__Lrbss                                  rbss         000000
__Lrdata                                 rdata        000000
__Lreset_vec                             reset_vec    000000
__Lrparam                                rparam       000000
__Lsfr                                   sfr          000000
__Lsmallconst                            smallconst   001000
__Lspace_0                               (abs)        000000
__Lspace_1                               (abs)        000000
__Lspace_2                               (abs)        000000
__Lspace_4                               (abs)        000000
__Lstack                                 stack        000000
__Lstruct                                struct       000000
__Ltemp                                  temp         000071
__Ltext                                  text         000000
__Ltext0                                 text0        000000
__Ltext1                                 text1        000000
__Ltext10                                text10       000000
__Ltext11                                text11       000000
__Ltext12                                text12       000000
__Ltext13                                text13       000000
__Ltext14                                text14       000000
__Ltext15                                text15       000000
__Ltext16                                text16       000000
__Ltext17                                text17       000000
__Ltext18                                text18       000000
__Ltext19                                text19       000000
__Ltext2                                 text2        000000
__Ltext20                                text20       000000
__Ltext21                                text21       000000
__Ltext22                                text22       000000
__Ltext23                                text23       000000
__Ltext24                                text24       000000
__Ltext3                                 text3        000000
__Ltext4                                 text4        000000
__Ltext5                                 text5        000000
__Ltext6                                 text6        000000
__Ltext7                                 text7        000000
__Ltext8                                 text8        000000
__S0                                     (abs)        0018CA
__S1                                     (abs)        000083
__S4                                     (abs)        000000
__S5                                     (abs)        000000
___heap_hi                               (abs)        000000
___heap_lo                               (abs)        000000
___inthi_sp                              stack        000000
___inthi_stack_hi                        stack        000000
___inthi_stack_lo                        stack        000000
___intlo_sp                              stack        000000
___intlo_stack_hi                        stack        000000
___intlo_stack_lo                        stack        000000
___param_bank                            (abs)        000000
___rparam_used                           (abs)        000001
___sp                                    stack        000000
___stack_hi                              stack        000000
___stack_lo                              stack        000000
__accesstop                              (abs)        000080
__activetblptr                           (abs)        000003
__end_of_ADC_ISR                         text23       0018C8
__end_of_Application_initialize          text1        00188E
__end_of_INT0_ISR                        text22       0018C4
__end_of_INT1_ISR                        text21       0018C0
__end_of_INT2_ISR                        text20       0018BC
__end_of_Interrupt_Manager_High          intcode_body 001288
__end_of_Isr                             text12       0018B0
__end_of_RB4_ISR                         text19       001876
__end_of_RB5_ISR                         text18       00185C
__end_of_RB6_ISR                         text17       001842
__end_of_RB7_ISR                         text16       001828
__end_of_TIMER0_ISR                      text15       0018A6
__end_of_TIMER1_ISR                      text11       0017E2
__end_of_TIMER2_ISR                      text10       0018B8
__end_of_Timer1_Init                     text7        00154C
__end_of_Timer1_Mode_Config              text8        001640
__end_of__initialization                 cinit        0017A2
__end_of_btn_values                      smallconst   001011
__end_of_ecu_layer_initialize            text6        0018CA
__end_of_gpio_pin_direction_intialize    text5        0013AE
__end_of_gpio_pin_initialize             text3        001776
__end_of_gpio_pin_toggle_logic           text14       0015CE
__end_of_gpio_pin_write_logic            text4        0014BE
__end_of_led_intialize                   text2        0016AE
__end_of_led_toggle_status               text13       001718
__end_of_main                            text0        00189A
__initialization                         cinit        001776
__mediumconst                            mediumconst  000000
__pbssCOMRAM                             bssCOMRAM    00002C
__pcinit                                 cinit        001776
__pcstackBANK0                           cstackBANK0  000080
__pcstackCOMRAM                          cstackCOMRAM 000056
__pdataCOMRAM                            dataCOMRAM   000001
__pidataCOMRAM                           idataCOMRAM  0017E2
__pintcode                               intcode      000008
__pintcode_body                          intcode_body 001016
__pnvCOMRAM                              nvCOMRAM     00006F
__psmallconst                            smallconst   001000
__ptext0                                 text0        00188E
__ptext1                                 text1        001876
__ptext10                                text10       0018B0
__ptext11                                text11       0017AC
__ptext12                                text12       0018A6
__ptext13                                text13       0016AE
__ptext14                                text14       00154C
__ptext15                                text15       00189A
__ptext16                                text16       00180E
__ptext17                                text17       001828
__ptext18                                text18       001842
__ptext19                                text19       00185C
__ptext2                                 text2        001640
__ptext20                                text20       0018B8
__ptext21                                text21       0018BC
__ptext22                                text22       0018C0
__ptext23                                text23       0018C4
__ptext24                                text24       000000
__ptext3                                 text3        001718
__ptext4                                 text4        0013AE
__ptext5                                 text5        001288
__ptext6                                 text6        0018C8
__ptext7                                 text7        0014BE
__ptext8                                 text8        0015CE
__ramtop                                 ramtop       001000
__smallconst                             smallconst   001000
_btn_values                              smallconst   001001
_ecu_layer_initialize                    text6        0018C8
_gpio_pin_direction_intialize            text5        001288
_gpio_pin_initialize                     text3        001718
_gpio_pin_toggle_logic                   text14       00154C
_gpio_pin_write_logic                    text4        0013AE
_lat_registers                           dataCOMRAM   00000B
_led                                     dataCOMRAM   00002B
_led_intialize                           text2        001640
_led_toggle_status                       text13       0016AE
_main                                    text0        00188E
_port_registers                          dataCOMRAM   000001
_pre                                     bssCOMRAM    00004E
_pre_work_out                            bssCOMRAM    000032
_pre_work_out@hal_timer1$F2119           nvCOMRAM     00006F
_ret                                     dataCOMRAM   00001F
_timer1                                  dataCOMRAM   000024
_tris_registers                          dataCOMRAM   000015
_val                                     bssCOMRAM    00002C
btemp                                    temp         000071
end_of_initialization                    cinit        0017A2
gpio_pin_direction_intialize@_pin_config cstackCOMRAM 000064
gpio_pin_direction_intialize@ret         cstackCOMRAM 00006A
gpio_pin_initialize@_pin_config          cstackCOMRAM 00006C
gpio_pin_initialize@ret                  cstackCOMRAM 00006E
gpio_pin_toggle_logic@_pin_config        cstackCOMRAM 000056
gpio_pin_write_logic@_pin_config         cstackCOMRAM 000064
gpio_pin_write_logic@logic_              cstackCOMRAM 000065
gpio_pin_write_logic@ret                 cstackCOMRAM 00006B
int$flags                                temp         000071
int_func                                 intcode_body 001016
intlevel0                                text         000000
intlevel1                                text         000000
intlevel2                                text         000000
intlevel3                                text         000000
isa$std                                  (abs)        000001
isa$xinst                                (abs)        000000
led_intialize@F3482                      bssCOMRAM    000055
led_intialize@Led                        cstackBANK0  000080
led_intialize@pin_obj                    cstackBANK0  000082
led_toggle_status@F3497                  bssCOMRAM    000052
led_toggle_status@Led                    cstackCOMRAM 00005B
led_toggle_status@pin_obj                cstackCOMRAM 00005D
led_turn_off@F3492                       bssCOMRAM    000053
led_turn_on@F3487                        bssCOMRAM    000054
stackhi                                  (abs)        000000
stacklo                                  (abs)        000000
start                                    init         00000E
start_initialization                     cinit        001776
ttemp5                                   temp         000072
ttemp6                                   temp         000075
ttemp7                                   temp         000079
wtemp8                                   temp         000072


MODULE INFORMATION

Module		Function		Class		Link	Load	Size
MCAL_LAYER/Timer/hal_timer2.c
		_TIMER2_ISR    		CODE           	18B0	0000	8

MCAL_LAYER/Timer/hal_timer2.c estimated size: 8

MCAL_LAYER/ADC/hal_adc.c
		_ADC_ISR       		CODE           	18C4	0000	4

MCAL_LAYER/ADC/hal_adc.c estimated size: 4

MCAL_LAYER/Timer/hal_timer0.c
		_TIMER0_ISR    		CODE           	189A	0000	12

MCAL_LAYER/Timer/hal_timer0.c estimated size: 12

ECU_LAYER/ecu_layer_init.c
		_ecu_layer_initialize		CODE           	18C8	0000	2

ECU_LAYER/ecu_layer_init.c estimated size: 2

MCAL_LAYER/Interrupt/mcal_external_interrupt.c
		_RB4_ISR       		CODE           	185C	0000	26
		_RB5_ISR       		CODE           	1842	0000	26
		_RB6_ISR       		CODE           	1828	0000	26
		_RB7_ISR       		CODE           	180E	0000	26
		_INT0_ISR      		CODE           	18C0	0000	4
		_INT1_ISR      		CODE           	18BC	0000	4
		_INT2_ISR      		CODE           	18B8	0000	4

MCAL_LAYER/Interrupt/mcal_external_interrupt.c estimated size: 116

MCAL_LAYER/Interrupt/mcal_interrupt_manager.c
		_Interrupt_Manager_High		CODE           	0008	0000	632

MCAL_LAYER/Interrupt/mcal_interrupt_manager.c estimated size: 632

shared
		_btn_values    		SMALLCONST     	1001	0000	16
		__initialization		CODE           	1776	0000	44

shared estimated size: 60

app.c
		_Isr           		CODE           	18A6	0000	10
		_main          		CODE           	188E	0000	12
		_Application_initialize		CODE           	1876	0000	24

app.c estimated size: 46

MCAL_Layer/GPIO/hal_gpio.c
		_gpio_pin_write_logic		CODE           	13AE	0000	272
		_gpio_pin_direction_intialize		CODE           	1288	0000	294
		_gpio_pin_toggle_logic		CODE           	154C	0000	130
		_gpio_pin_initialize		CODE           	1718	0000	94

MCAL_Layer/GPIO/hal_gpio.c estimated size: 790

MCAL_LAYER/Timer/hal_timer1.c
		_TIMER1_ISR    		CODE           	17AC	0000	54
		_Timer1_Init   		CODE           	14BE	0000	142
		_Timer1_Mode_Config		CODE           	15CE	0000	114

MCAL_LAYER/Timer/hal_timer1.c estimated size: 310

ECU_LAYER/Led/ecu_led.c
		_led_toggle_status		CODE           	16AE	0000	106
		_led_intialize 		CODE           	1640	0000	110

ECU_LAYER/Led/ecu_led.c estimated size: 216

